Archive member included to satisfy reference by file (symbol)

/Users/khoahuynh/Library/xPacks/@gnu-mcu-eclipse/arm-none-eabi-gcc/8.2.1-1.7.1/.content/bin/../lib/gcc/arm-none-eabi/8.2.1/../../../../arm-none-eabi/lib/thumb/v7-m/nofp/libg_nano.a(lib_a-errno.o)
                              ./Src/syscalls.o (__errno)
/Users/khoahuynh/Library/xPacks/@gnu-mcu-eclipse/arm-none-eabi-gcc/8.2.1-1.7.1/.content/bin/../lib/gcc/arm-none-eabi/8.2.1/../../../../arm-none-eabi/lib/thumb/v7-m/nofp/libg_nano.a(lib_a-exit.o)
                              /Users/khoahuynh/Library/xPacks/@gnu-mcu-eclipse/arm-none-eabi-gcc/8.2.1-1.7.1/.content/bin/../lib/gcc/arm-none-eabi/8.2.1/../../../../arm-none-eabi/lib/thumb/v7-m/nofp/crt0.o (exit)
/Users/khoahuynh/Library/xPacks/@gnu-mcu-eclipse/arm-none-eabi-gcc/8.2.1-1.7.1/.content/bin/../lib/gcc/arm-none-eabi/8.2.1/../../../../arm-none-eabi/lib/thumb/v7-m/nofp/libg_nano.a(lib_a-impure.o)
                              /Users/khoahuynh/Library/xPacks/@gnu-mcu-eclipse/arm-none-eabi-gcc/8.2.1-1.7.1/.content/bin/../lib/gcc/arm-none-eabi/8.2.1/../../../../arm-none-eabi/lib/thumb/v7-m/nofp/libg_nano.a(lib_a-exit.o) (_global_impure_ptr)
/Users/khoahuynh/Library/xPacks/@gnu-mcu-eclipse/arm-none-eabi-gcc/8.2.1-1.7.1/.content/bin/../lib/gcc/arm-none-eabi/8.2.1/../../../../arm-none-eabi/lib/thumb/v7-m/nofp/libg_nano.a(lib_a-init.o)
                              /Users/khoahuynh/Library/xPacks/@gnu-mcu-eclipse/arm-none-eabi-gcc/8.2.1-1.7.1/.content/bin/../lib/gcc/arm-none-eabi/8.2.1/../../../../arm-none-eabi/lib/thumb/v7-m/nofp/crt0.o (__libc_init_array)
/Users/khoahuynh/Library/xPacks/@gnu-mcu-eclipse/arm-none-eabi-gcc/8.2.1-1.7.1/.content/bin/../lib/gcc/arm-none-eabi/8.2.1/../../../../arm-none-eabi/lib/thumb/v7-m/nofp/libg_nano.a(lib_a-memset.o)
                              /Users/khoahuynh/Library/xPacks/@gnu-mcu-eclipse/arm-none-eabi-gcc/8.2.1-1.7.1/.content/bin/../lib/gcc/arm-none-eabi/8.2.1/../../../../arm-none-eabi/lib/thumb/v7-m/nofp/crt0.o (memset)

Allocating common symbols
Common symbol       size              file

uwTick              0x4               ./Drivers/STM32F1xx_HAL_Driver/Src/stm32f1xx_hal.o
pFlash              0x20              ./Drivers/STM32F1xx_HAL_Driver/Src/stm32f1xx_hal_flash.o

Discarded input sections

 .text          0x0000000000000000        0x0 /Users/khoahuynh/Library/xPacks/@gnu-mcu-eclipse/arm-none-eabi-gcc/8.2.1-1.7.1/.content/bin/../lib/gcc/arm-none-eabi/8.2.1/thumb/v7-m/nofp/crti.o
 .data          0x0000000000000000        0x0 /Users/khoahuynh/Library/xPacks/@gnu-mcu-eclipse/arm-none-eabi-gcc/8.2.1-1.7.1/.content/bin/../lib/gcc/arm-none-eabi/8.2.1/thumb/v7-m/nofp/crti.o
 .bss           0x0000000000000000        0x0 /Users/khoahuynh/Library/xPacks/@gnu-mcu-eclipse/arm-none-eabi-gcc/8.2.1-1.7.1/.content/bin/../lib/gcc/arm-none-eabi/8.2.1/thumb/v7-m/nofp/crti.o
 .text          0x0000000000000000        0x0 /Users/khoahuynh/Library/xPacks/@gnu-mcu-eclipse/arm-none-eabi-gcc/8.2.1-1.7.1/.content/bin/../lib/gcc/arm-none-eabi/8.2.1/thumb/v7-m/nofp/crtbegin.o
 .data          0x0000000000000000        0x0 /Users/khoahuynh/Library/xPacks/@gnu-mcu-eclipse/arm-none-eabi-gcc/8.2.1-1.7.1/.content/bin/../lib/gcc/arm-none-eabi/8.2.1/thumb/v7-m/nofp/crtbegin.o
 .bss           0x0000000000000000        0x0 /Users/khoahuynh/Library/xPacks/@gnu-mcu-eclipse/arm-none-eabi-gcc/8.2.1-1.7.1/.content/bin/../lib/gcc/arm-none-eabi/8.2.1/thumb/v7-m/nofp/crtbegin.o
 .data.__dso_handle
                0x0000000000000000        0x4 /Users/khoahuynh/Library/xPacks/@gnu-mcu-eclipse/arm-none-eabi-gcc/8.2.1-1.7.1/.content/bin/../lib/gcc/arm-none-eabi/8.2.1/thumb/v7-m/nofp/crtbegin.o
 .text          0x0000000000000000       0x74 /Users/khoahuynh/Library/xPacks/@gnu-mcu-eclipse/arm-none-eabi-gcc/8.2.1-1.7.1/.content/bin/../lib/gcc/arm-none-eabi/8.2.1/../../../../arm-none-eabi/lib/thumb/v7-m/nofp/crt0.o
 .data          0x0000000000000000        0x0 /Users/khoahuynh/Library/xPacks/@gnu-mcu-eclipse/arm-none-eabi-gcc/8.2.1-1.7.1/.content/bin/../lib/gcc/arm-none-eabi/8.2.1/../../../../arm-none-eabi/lib/thumb/v7-m/nofp/crt0.o
 .bss           0x0000000000000000        0x0 /Users/khoahuynh/Library/xPacks/@gnu-mcu-eclipse/arm-none-eabi-gcc/8.2.1-1.7.1/.content/bin/../lib/gcc/arm-none-eabi/8.2.1/../../../../arm-none-eabi/lib/thumb/v7-m/nofp/crt0.o
 .ARM.extab     0x0000000000000000        0x0 /Users/khoahuynh/Library/xPacks/@gnu-mcu-eclipse/arm-none-eabi-gcc/8.2.1-1.7.1/.content/bin/../lib/gcc/arm-none-eabi/8.2.1/../../../../arm-none-eabi/lib/thumb/v7-m/nofp/crt0.o
 .ARM.exidx     0x0000000000000000        0x8 /Users/khoahuynh/Library/xPacks/@gnu-mcu-eclipse/arm-none-eabi-gcc/8.2.1-1.7.1/.content/bin/../lib/gcc/arm-none-eabi/8.2.1/../../../../arm-none-eabi/lib/thumb/v7-m/nofp/crt0.o
 .ARM.attributes
[...]
Memory Configuration

Name             Origin             Length             Attributes
RAM              0x0000000020000000 0x0000000000005000 xrw
FLASH            0x0000000008000000 0x0000000000010000 xr
*default*        0x0000000000000000 0xffffffffffffffff

Linker script and memory map

LOAD /Users/khoahuynh/Library/xPacks/@gnu-mcu-eclipse/arm-none-eabi-gcc/8.2.1-1.7.1/.content/bin/../lib/gcc/arm-none-eabi/8.2.1/thumb/v7-m/nofp/crti.o
LOAD /Users/khoahuynh/Library/xPacks/@gnu-mcu-eclipse/arm-none-eabi-gcc/8.2.1-1.7.1/.content/bin/../lib/gcc/arm-none-eabi/8.2.1/thumb/v7-m/nofp/crtbegin.o
LOAD /Users/khoahuynh/Library/xPacks/@gnu-mcu-eclipse/arm-none-eabi-gcc/8.2.1-1.7.1/.content/bin/../lib/gcc/arm-none-eabi/8.2.1/../../../../arm-none-eabi/lib/thumb/v7-m/nofp/crt0.o
LOAD ./startup/startup_stm32f103xb.o
LOAD ./Src/it.o
LOAD ./Src/main.o
LOAD ./Src/msp.o
LOAD ./Src/syscalls.o
LOAD ./Src/system_stm32f1xx.o
LOAD ./Drivers/STM32F1xx_HAL_Driver/Src/stm32f1xx_hal.o
LOAD ./Drivers/STM32F1xx_HAL_Driver/Src/stm32f1xx_hal_cortex.o
LOAD ./Drivers/STM32F1xx_HAL_Driver/Src/stm32f1xx_hal_dma.o
LOAD ./Drivers/STM32F1xx_HAL_Driver/Src/stm32f1xx_hal_exti.o
LOAD ./Drivers/STM32F1xx_HAL_Driver/Src/stm32f1xx_hal_flash.o
LOAD ./Drivers/STM32F1xx_HAL_Driver/Src/stm32f1xx_hal_flash_ex.o
LOAD ./Drivers/STM32F1xx_HAL_Driver/Src/stm32f1xx_hal_gpio.o
LOAD ./Drivers/STM32F1xx_HAL_Driver/Src/stm32f1xx_hal_gpio_ex.o
LOAD ./Drivers/STM32F1xx_HAL_Driver/Src/stm32f1xx_hal_pwr.o
LOAD ./Drivers/STM32F1xx_HAL_Driver/Src/stm32f1xx_hal_rcc.o
LOAD ./Drivers/STM32F1xx_HAL_Driver/Src/stm32f1xx_hal_rcc_ex.o
LOAD ./Drivers/STM32F1xx_HAL_Driver/Src/stm32f1xx_hal_tim.o
LOAD ./Drivers/STM32F1xx_HAL_Driver/Src/stm32f1xx_hal_tim_ex.o
LOAD /Users/khoahuynh/Library/xPacks/@gnu-mcu-eclipse/arm-none-eabi-gcc/8.2.1-1.7.1/.content/bin/../lib/gcc/arm-none-eabi/8.2.1/../../../../arm-none-eabi/lib/thumb/v7-m/nofp/libstdc++_nano.a
LOAD /Users/khoahuynh/Library/xPacks/@gnu-mcu-eclipse/arm-none-eabi-gcc/8.2.1-1.7.1/.content/bin/../lib/gcc/arm-none-eabi/8.2.1/../../../../arm-none-eabi/lib/thumb/v7-m/nofp/libm.a
START GROUP
LOAD /Users/khoahuynh/Library/xPacks/@gnu-mcu-eclipse/arm-none-eabi-gcc/8.2.1-1.7.1/.content/bin/../lib/gcc/arm-none-eabi/8.2.1/thumb/v7-m/nofp/libgcc.a
LOAD /Users/khoahuynh/Library/xPacks/@gnu-mcu-eclipse/arm-none-eabi-gcc/8.2.1-1.7.1/.content/bin/../lib/gcc/arm-none-eabi/8.2.1/../../../../arm-none-eabi/lib/thumb/v7-m/nofp/libg_nano.a
LOAD /Users/khoahuynh/Library/xPacks/@gnu-mcu-eclipse/arm-none-eabi-gcc/8.2.1-1.7.1/.content/bin/../lib/gcc/arm-none-eabi/8.2.1/../../../../arm-none-eabi/lib/thumb/v7-m/nofp/libc_nano.a
END GROUP
START GROUP
LOAD /Users/khoahuynh/Library/xPacks/@gnu-mcu-eclipse/arm-none-eabi-gcc/8.2.1-1.7.1/.content/bin/../lib/gcc/arm-none-eabi/8.2.1/thumb/v7-m/nofp/libgcc.a
LOAD /Users/khoahuynh/Library/xPacks/@gnu-mcu-eclipse/arm-none-eabi-gcc/8.2.1-1.7.1/.content/bin/../lib/gcc/arm-none-eabi/8.2.1/../../../../arm-none-eabi/lib/thumb/v7-m/nofp/libc_nano.a
END GROUP
LOAD /Users/khoahuynh/Library/xPacks/@gnu-mcu-eclipse/arm-none-eabi-gcc/8.2.1-1.7.1/.content/bin/../lib/gcc/arm-none-eabi/8.2.1/thumb/v7-m/nofp/crtend.o
LOAD /Users/khoahuynh/Library/xPacks/@gnu-mcu-eclipse/arm-none-eabi-gcc/8.2.1-1.7.1/.content/bin/../lib/gcc/arm-none-eabi/8.2.1/thumb/v7-m/nofp/crtn.o
                0x0000000020005000                _estack = 0x20005000
                0x0000000000000200                _Min_Heap_Size = 0x200
                0x0000000000000400                _Min_Stack_Size = 0x400

.isr_vector     0x0000000008000000      0x10c
                0x0000000008000000                . = ALIGN (0x4)
 *(.isr_vector)
 .isr_vector    0x0000000008000000      0x10c ./startup/startup_stm32f103xb.o
                0x0000000008000000                g_pfnVectors
                0x000000000800010c                . = ALIGN (0x4)

.text           0x000000000800010c     0x1148
                0x000000000800010c                . = ALIGN (0x4)
 *(.text)
 *(.text*)
 .text.deregister_tm_clones
                0x000000000800010c       0x1c /Users/khoahuynh/Library/xPacks/@gnu-mcu-eclipse/arm-none-eabi-gcc/8.2.1-1.7.1/.content/bin/../lib/gcc/arm-none-eabi/8.2.1/thumb/v7-m/nofp/crtbegin.o
 .text.register_tm_clones
                0x0000000008000128       0x24 /Users/khoahuynh/Library/xPacks/@gnu-mcu-eclipse/arm-none-eabi-gcc/8.2.1-1.7.1/.content/bin/../lib/gcc/arm-none-eabi/8.2.1/thumb/v7-m/nofp/crtbegin.o
 .text.__do_global_dtors_aux
                0x000000000800014c       0x28 /Users/khoahuynh/Library/xPacks/@gnu-mcu-eclipse/arm-none-eabi-gcc/8.2.1-1.7.1/.content/bin/../lib/gcc/arm-none-eabi/8.2.1/thumb/v7-m/nofp/crtbegin.o
 .text.frame_dummy
                0x0000000008000174       0x24 /Users/khoahuynh/Library/xPacks/@gnu-mcu-eclipse/arm-none-eabi-gcc/8.2.1-1.7.1/.content/bin/../lib/gcc/arm-none-eabi/8.2.1/thumb/v7-m/nofp/crtbegin.o
 .text.Reset_Handler
                0x0000000008000198       0x48 ./startup/startup_stm32f103xb.o
                0x0000000008000198                Reset_Handler
 .text.Default_Handler
                0x00000000080001e0        0x2 ./startup/startup_stm32f103xb.o
                0x00000000080001e0                USBWakeUp_IRQHandler
                0x00000000080001e0                EXTI2_IRQHandler
                0x00000000080001e0                DebugMon_Handler
                0x00000000080001e0                TIM1_CC_IRQHandler
                0x00000000080001e0                HardFault_Handler
                0x00000000080001e0                PVD_IRQHandler
                0x00000000080001e0                PendSV_Handler
                0x00000000080001e0                NMI_Handler
                0x00000000080001e0                EXTI3_IRQHandler
                0x00000000080001e0                EXTI0_IRQHandler
                0x00000000080001e0                I2C2_EV_IRQHandler
                0x00000000080001e0                UsageFault_Handler
                0x00000000080001e0                ADC1_2_IRQHandler
                0x00000000080001e0                SPI1_IRQHandler
                0x00000000080001e0                TAMPER_IRQHandler
                0x00000000080001e0                DMA1_Channel4_IRQHandler
                0x00000000080001e0                USART3_IRQHandler
                0x00000000080001e0                RTC_IRQHandler
                0x00000000080001e0                DMA1_Channel7_IRQHandler
                0x00000000080001e0                CAN1_RX1_IRQHandler
                0x00000000080001e0                TIM4_IRQHandler
                0x00000000080001e0                I2C1_EV_IRQHandler
                0x00000000080001e0                DMA1_Channel6_IRQHandler
                0x00000000080001e0                TIM3_IRQHandler
                0x00000000080001e0                RCC_IRQHandler
                0x00000000080001e0                TIM1_TRG_COM_IRQHandler
                0x00000000080001e0                DMA1_Channel1_IRQHandler
                0x00000000080001e0                Default_Handler
                0x00000000080001e0                EXTI15_10_IRQHandler
                0x00000000080001e0                EXTI9_5_IRQHandler
                0x00000000080001e0                SPI2_IRQHandler
                0x00000000080001e0                MemManage_Handler
                0x00000000080001e0                SVC_Handler
                0x00000000080001e0                DMA1_Channel5_IRQHandler
                0x00000000080001e0                EXTI4_IRQHandler
                0x00000000080001e0                USB_LP_CAN1_RX0_IRQHandler
                0x00000000080001e0                USB_HP_CAN1_TX_IRQHandler
                0x00000000080001e0                DMA1_Channel3_IRQHandler
                0x00000000080001e0                TIM1_UP_IRQHandler
                0x00000000080001e0                WWDG_IRQHandler
                0x00000000080001e0                TIM2_IRQHandler
                0x00000000080001e0                TIM1_BRK_IRQHandler
                0x00000000080001e0                EXTI1_IRQHandler
                0x00000000080001e0                USART2_IRQHandler
                0x00000000080001e0                I2C2_ER_IRQHandler
                0x00000000080001e0                DMA1_Channel2_IRQHandler
                0x00000000080001e0                CAN1_SCE_IRQHandler
                0x00000000080001e0                FLASH_IRQHandler
                0x00000000080001e0                BusFault_Handler
                0x00000000080001e0                USART1_IRQHandler
                0x00000000080001e0                I2C1_ER_IRQHandler
                0x00000000080001e0                RTC_Alarm_IRQHandler
 .text.SysTick_Handler
                0x00000000080001e2       0x10 ./Src/it.o
                0x00000000080001e2                SysTick_Handler
 *fill*         0x00000000080001f2        0x2 
 .text.main     0x00000000080001f4       0x28 ./Src/main.o
                0x00000000080001f4                main
 .text.Error_Handler
                0x000000000800021c        0x6 ./Src/main.o
                0x000000000800021c                Error_Handler
 *fill*         0x0000000008000222        0x2 
 .text.SYSCLK_Init
                0x0000000008000224       0x94 ./Src/main.o
                0x0000000008000224                SYSCLK_Init
 .text.GPIO_Init
                0x00000000080002b8       0x74 ./Src/main.o
                0x00000000080002b8                GPIO_Init
 .text.HAL_MspInit
                0x000000000800032c       0x64 ./Src/msp.o
                0x000000000800032c                HAL_MspInit
 .text.SystemInit
                0x0000000008000390       0x68 ./Src/system_stm32f1xx.o
                0x0000000008000390                SystemInit
 .text.HAL_Init
                0x00000000080003f8       0x2c ./Drivers/STM32F1xx_HAL_Driver/Src/stm32f1xx_hal.o
                0x00000000080003f8                HAL_Init
 .text.HAL_InitTick
                0x0000000008000424       0x60 ./Drivers/STM32F1xx_HAL_Driver/Src/stm32f1xx_hal.o
                0x0000000008000424                HAL_InitTick
 .text.HAL_IncTick
                0x0000000008000484       0x24 ./Drivers/STM32F1xx_HAL_Driver/Src/stm32f1xx_hal.o
                0x0000000008000484                HAL_IncTick
 .text.HAL_GetTick
                0x00000000080004a8       0x14 ./Drivers/STM32F1xx_HAL_Driver/Src/stm32f1xx_hal.o
                0x00000000080004a8                HAL_GetTick
 .text.HAL_Delay
                0x00000000080004bc       0x44 ./Drivers/STM32F1xx_HAL_Driver/Src/stm32f1xx_hal.o
                0x00000000080004bc                HAL_Delay
 .text.__NVIC_SetPriorityGrouping
                0x0000000008000500       0x48 ./Drivers/STM32F1xx_HAL_Driver/Src/stm32f1xx_hal_cortex.o
 .text.__NVIC_GetPriorityGrouping
                0x0000000008000548       0x1c ./Drivers/STM32F1xx_HAL_Driver/Src/stm32f1xx_hal_cortex.o
 .text.__NVIC_SetPriority
                0x0000000008000564       0x54 ./Drivers/STM32F1xx_HAL_Driver/Src/stm32f1xx_hal_cortex.o
 .text.NVIC_EncodePriority
                0x00000000080005b8       0x64 ./Drivers/STM32F1xx_HAL_Driver/Src/stm32f1xx_hal_cortex.o
 .text.SysTick_Config
                0x000000000800061c       0x44 ./Drivers/STM32F1xx_HAL_Driver/Src/stm32f1xx_hal_cortex.o
 .text.HAL_NVIC_SetPriorityGrouping
                0x0000000008000660       0x16 ./Drivers/STM32F1xx_HAL_Driver/Src/stm32f1xx_hal_cortex.o
                0x0000000008000660                HAL_NVIC_SetPriorityGrouping
 .text.HAL_NVIC_SetPriority
                0x0000000008000676       0x38 ./Drivers/STM32F1xx_HAL_Driver/Src/stm32f1xx_hal_cortex.o
                0x0000000008000676                HAL_NVIC_SetPriority
 .text.HAL_SYSTICK_Config
                0x00000000080006ae       0x18 ./Drivers/STM32F1xx_HAL_Driver/Src/stm32f1xx_hal_cortex.o
                0x00000000080006ae                HAL_SYSTICK_Config
 *fill*         0x00000000080006c6        0x2 
 .text.HAL_SYSTICK_CLKSourceConfig
                0x00000000080006c8       0x38 ./Drivers/STM32F1xx_HAL_Driver/Src/stm32f1xx_hal_cortex.o
                0x00000000080006c8                HAL_SYSTICK_CLKSourceConfig
 .text.HAL_SYSTICK_IRQHandler
                0x0000000008000700        0xc ./Drivers/STM32F1xx_HAL_Driver/Src/stm32f1xx_hal_cortex.o
                0x0000000008000700                HAL_SYSTICK_IRQHandler
 .text.HAL_SYSTICK_Callback
                0x000000000800070c        0xc ./Drivers/STM32F1xx_HAL_Driver/Src/stm32f1xx_hal_cortex.o
                0x000000000800070c                HAL_SYSTICK_Callback
 .text.HAL_GPIO_Init
                0x0000000008000718      0x2b4 ./Drivers/STM32F1xx_HAL_Driver/Src/stm32f1xx_hal_gpio.o
                0x0000000008000718                HAL_GPIO_Init
 .text.HAL_GPIO_TogglePin
                0x00000000080009cc       0x30 ./Drivers/STM32F1xx_HAL_Driver/Src/stm32f1xx_hal_gpio.o
                0x00000000080009cc                HAL_GPIO_TogglePin
 .text.HAL_RCC_OscConfig
                0x00000000080009fc      0x500 ./Drivers/STM32F1xx_HAL_Driver/Src/stm32f1xx_hal_rcc.o
                0x00000000080009fc                HAL_RCC_OscConfig
 .text.HAL_RCC_ClockConfig
                0x0000000008000efc      0x1d4 ./Drivers/STM32F1xx_HAL_Driver/Src/stm32f1xx_hal_rcc.o
                0x0000000008000efc                HAL_RCC_ClockConfig
 .text.HAL_RCC_GetSysClockFreq
                0x00000000080010d0       0xc4 ./Drivers/STM32F1xx_HAL_Driver/Src/stm32f1xx_hal_rcc.o
                0x00000000080010d0                HAL_RCC_GetSysClockFreq
 .text.HAL_RCC_GetHCLKFreq
                0x0000000008001194       0x14 ./Drivers/STM32F1xx_HAL_Driver/Src/stm32f1xx_hal_rcc.o
                0x0000000008001194                HAL_RCC_GetHCLKFreq
 .text.RCC_Delay
                0x00000000080011a8       0x3c ./Drivers/STM32F1xx_HAL_Driver/Src/stm32f1xx_hal_rcc.o
 .text.__libc_init_array
                0x00000000080011e4       0x48 /Users/khoahuynh/Library/xPacks/@gnu-mcu-eclipse/arm-none-eabi-gcc/8.2.1-1.7.1/.content/bin/../lib/gcc/arm-none-eabi/8.2.1/../../../../arm-none-eabi/lib/thumb/v7-m/nofp/libg_nano.a(lib_a-init.o)
                0x00000000080011e4                __libc_init_array
 .text.memset   0x000000000800122c       0x10 /Users/khoahuynh/Library/xPacks/@gnu-mcu-eclipse/arm-none-eabi-gcc/8.2.1-1.7.1/.content/bin/../lib/gcc/arm-none-eabi/8.2.1/../../../../arm-none-eabi/lib/thumb/v7-m/nofp/libg_nano.a(lib_a-memset.o)
                0x000000000800122c                memset
 *(.glue_7)
 .glue_7        0x000000000800123c        0x0 linker stubs
 *(.glue_7t)
 .glue_7t       0x000000000800123c        0x0 linker stubs
 *(.eh_frame)
 .eh_frame      0x000000000800123c        0x0 /Users/khoahuynh/Library/xPacks/@gnu-mcu-eclipse/arm-none-eabi-gcc/8.2.1-1.7.1/.content/bin/../lib/gcc/arm-none-eabi/8.2.1/thumb/v7-m/nofp/crtbegin.o
 *(.init)
 .init          0x000000000800123c        0x4 /Users/khoahuynh/Library/xPacks/@gnu-mcu-eclipse/arm-none-eabi-gcc/8.2.1-1.7.1/.content/bin/../lib/gcc/arm-none-eabi/8.2.1/thumb/v7-m/nofp/crti.o
                0x000000000800123c                _init
 .init          0x0000000008001240        0x8 /Users/khoahuynh/Library/xPacks/@gnu-mcu-eclipse/arm-none-eabi-gcc/8.2.1-1.7.1/.content/bin/../lib/gcc/arm-none-eabi/8.2.1/thumb/v7-m/nofp/crtn.o
 *(.fini)
 .fini          0x0000000008001248        0x4 /Users/khoahuynh/Library/xPacks/@gnu-mcu-eclipse/arm-none-eabi-gcc/8.2.1-1.7.1/.content/bin/../lib/gcc/arm-none-eabi/8.2.1/thumb/v7-m/nofp/crti.o
                0x0000000008001248                _fini
 .fini          0x000000000800124c        0x8 /Users/khoahuynh/Library/xPacks/@gnu-mcu-eclipse/arm-none-eabi-gcc/8.2.1-1.7.1/.content/bin/../lib/gcc/arm-none-eabi/8.2.1/thumb/v7-m/nofp/crtn.o
                0x0000000008001254                . = ALIGN (0x4)
                0x0000000008001254                _etext = .

.vfp11_veneer   0x0000000008001254        0x0
 .vfp11_veneer  0x0000000008001254        0x0 linker stubs

.v4_bx          0x0000000008001254        0x0
 .v4_bx         0x0000000008001254        0x0 linker stubs

.iplt           0x0000000008001254        0x0
 .iplt          0x0000000008001254        0x0 /Users/khoahuynh/Library/xPacks/@gnu-mcu-eclipse/arm-none-eabi-gcc/8.2.1-1.7.1/.content/bin/../lib/gcc/arm-none-eabi/8.2.1/thumb/v7-m/nofp/crtbegin.o

.rodata         0x0000000008001254       0x24
                0x0000000008001254                . = ALIGN (0x4)
 *(.rodata)
 .rodata        0x0000000008001254       0x12 ./Drivers/STM32F1xx_HAL_Driver/Src/stm32f1xx_hal_rcc.o
 *(.rodata*)
 *fill*         0x0000000008001266        0x2 
 .rodata.AHBPrescTable
                0x0000000008001268       0x10 ./Src/system_stm32f1xx.o
                0x0000000008001268                AHBPrescTable
                0x0000000008001278                . = ALIGN (0x4)

.rel.dyn        0x0000000008001278        0x0
 .rel.iplt      0x0000000008001278        0x0 /Users/khoahuynh/Library/xPacks/@gnu-mcu-eclipse/arm-none-eabi-gcc/8.2.1-1.7.1/.content/bin/../lib/gcc/arm-none-eabi/8.2.1/thumb/v7-m/nofp/crtbegin.o

.ARM.extab
 *(.ARM.extab* .gnu.linkonce.armextab.*)

.ARM            0x0000000008001278        0x0
                0x0000000008001278                __exidx_start = .
 *(.ARM.exidx*)
                0x0000000008001278                __exidx_end = .

.preinit_array  0x0000000008001278        0x0
                0x0000000008001278                PROVIDE (__preinit_array_start = .)
 *(.preinit_array*)
                0x0000000008001278                PROVIDE (__preinit_array_end = .)

.init_array     0x0000000008001278        0x4
                0x0000000008001278                PROVIDE (__init_array_start = .)
 *(SORT_BY_NAME(.init_array.*))
 *(.init_array*)
 .init_array    0x0000000008001278        0x4 /Users/khoahuynh/Library/xPacks/@gnu-mcu-eclipse/arm-none-eabi-gcc/8.2.1-1.7.1/.content/bin/../lib/gcc/arm-none-eabi/8.2.1/thumb/v7-m/nofp/crtbegin.o
                0x000000000800127c                PROVIDE (__init_array_end = .)

.fini_array     0x000000000800127c        0x4
                [!provide]                        PROVIDE (__fini_array_start = .)
 *(SORT_BY_NAME(.fini_array.*))
 *(.fini_array*)
 .fini_array    0x000000000800127c        0x4 /Users/khoahuynh/Library/xPacks/@gnu-mcu-eclipse/arm-none-eabi-gcc/8.2.1-1.7.1/.content/bin/../lib/gcc/arm-none-eabi/8.2.1/thumb/v7-m/nofp/crtbegin.o
                [!provide]                        PROVIDE (__fini_array_end = .)
                0x0000000008001280                _sidata = LOADADDR (.data)

.data           0x0000000020000000        0xc load address 0x0000000008001280
                0x0000000020000000                . = ALIGN (0x4)
                0x0000000020000000                _sdata = .
 *(.data)
 *(.data*)
 .data.SystemCoreClock
                0x0000000020000000        0x4 ./Src/system_stm32f1xx.o
                0x0000000020000000                SystemCoreClock
 .data.uwTickPrio
                0x0000000020000004        0x4 ./Drivers/STM32F1xx_HAL_Driver/Src/stm32f1xx_hal.o
                0x0000000020000004                uwTickPrio
 .data.uwTickFreq
                0x0000000020000008        0x1 ./Drivers/STM32F1xx_HAL_Driver/Src/stm32f1xx_hal.o
                0x0000000020000008                uwTickFreq
                0x000000002000000c                . = ALIGN (0x4)
 *fill*         0x0000000020000009        0x3 
                0x000000002000000c                _edata = .

.tm_clone_table
                0x000000002000000c        0x0 load address 0x000000000800128c
 .tm_clone_table
                0x000000002000000c        0x0 /Users/khoahuynh/Library/xPacks/@gnu-mcu-eclipse/arm-none-eabi-gcc/8.2.1-1.7.1/.content/bin/../lib/gcc/arm-none-eabi/8.2.1/thumb/v7-m/nofp/crtbegin.o
 .tm_clone_table
                0x000000002000000c        0x0 /Users/khoahuynh/Library/xPacks/@gnu-mcu-eclipse/arm-none-eabi-gcc/8.2.1-1.7.1/.content/bin/../lib/gcc/arm-none-eabi/8.2.1/thumb/v7-m/nofp/crtend.o

.igot.plt       0x000000002000000c        0x0 load address 0x000000000800128c
 .igot.plt      0x000000002000000c        0x0 /Users/khoahuynh/Library/xPacks/@gnu-mcu-eclipse/arm-none-eabi-gcc/8.2.1-1.7.1/.content/bin/../lib/gcc/arm-none-eabi/8.2.1/thumb/v7-m/nofp/crtbegin.o
                0x000000002000000c                . = ALIGN (0x4)

.bss            0x000000002000000c       0x20 load address 0x000000000800128c
                0x000000002000000c                _sbss = .
                0x000000002000000c                __bss_start__ = _sbss
 *(.bss)
 *(.bss*)
 .bss.completed.6707
                0x000000002000000c        0x1 /Users/khoahuynh/Library/xPacks/@gnu-mcu-eclipse/arm-none-eabi-gcc/8.2.1-1.7.1/.content/bin/../lib/gcc/arm-none-eabi/8.2.1/thumb/v7-m/nofp/crtbegin.o
 *fill*         0x000000002000000d        0x3 
 .bss.object.6712
                0x0000000020000010       0x18 /Users/khoahuynh/Library/xPacks/@gnu-mcu-eclipse/arm-none-eabi-gcc/8.2.1-1.7.1/.content/bin/../lib/gcc/arm-none-eabi/8.2.1/thumb/v7-m/nofp/crtbegin.o
 *(COMMON)
 COMMON         0x0000000020000028        0x4 ./Drivers/STM32F1xx_HAL_Driver/Src/stm32f1xx_hal.o
                0x0000000020000028                uwTick
                0x000000002000002c                . = ALIGN (0x4)
                0x000000002000002c                _ebss = .
                0x000000002000002c                __bss_end__ = _ebss

._user_heap_stack
                0x000000002000002c      0x604 load address 0x000000000800128c
                0x0000000020000030                . = ALIGN (0x8)
 *fill*         0x000000002000002c        0x4 
                0x0000000020000030                PROVIDE (end = .)
                [!provide]                        PROVIDE (_end = .)
                0x0000000020000230                . = (. + _Min_Heap_Size)
 *fill*         0x0000000020000030      0x200 
                0x0000000020000630                . = (. + _Min_Stack_Size)
 *fill*         0x0000000020000230      0x400 
                0x0000000020000630                . = ALIGN (0x8)

/DISCARD/
 libc.a(*)
 libm.a(*)
 libgcc.a(*)

.ARM.attributes
                0x0000000000000000       0x29
 *(.ARM.attributes)
 .ARM.attributes
                0x0000000000000000       0x1d /Users/khoahuynh/Library/xPacks/@gnu-mcu-eclipse/arm-none-eabi-gcc/8.2.1-1.7.1/.content/bin/../lib/gcc/arm-none-eabi/8.2.1/thumb/v7-m/nofp/crti.o
 .ARM.attributes
                0x000000000000001d       0x2d /Users/khoahuynh/Library/xPacks/@gnu-mcu-eclipse/arm-none-eabi-gcc/8.2.1-1.7.1/.content/bin/../lib/gcc/arm-none-eabi/8.2.1/thumb/v7-m/nofp/crtbegin.o
 .ARM.attributes
                0x000000000000004a       0x21 ./startup/startup_stm32f103xb.o
 .ARM.attributes
                0x000000000000006b       0x2d ./Src/it.o
 .ARM.attributes
                0x0000000000000098       0x2d ./Src/main.o
 .ARM.attributes
                0x00000000000000c5       0x2d ./Src/msp.o
 .ARM.attributes
                0x00000000000000f2       0x2d ./Src/system_stm32f1xx.o
 .ARM.attributes
                0x000000000000011f       0x2d ./Drivers/STM32F1xx_HAL_Driver/Src/stm32f1xx_hal.o
 .ARM.attributes
                0x000000000000014c       0x2d ./Drivers/STM32F1xx_HAL_Driver/Src/stm32f1xx_hal_cortex.o
 .ARM.attributes
                0x0000000000000179       0x2d ./Drivers/STM32F1xx_HAL_Driver/Src/stm32f1xx_hal_gpio.o
 .ARM.attributes
                0x00000000000001a6       0x2d ./Drivers/STM32F1xx_HAL_Driver/Src/stm32f1xx_hal_rcc.o
 .ARM.attributes
                0x00000000000001d3       0x2d /Users/khoahuynh/Library/xPacks/@gnu-mcu-eclipse/arm-none-eabi-gcc/8.2.1-1.7.1/.content/bin/../lib/gcc/arm-none-eabi/8.2.1/../../../../arm-none-eabi/lib/thumb/v7-m/nofp/libg_nano.a(lib_a-init.o)
 .ARM.attributes
                0x0000000000000200       0x2d /Users/khoahuynh/Library/xPacks/@gnu-mcu-eclipse/arm-none-eabi-gcc/8.2.1-1.7.1/.content/bin/../lib/gcc/arm-none-eabi/8.2.1/../../../../arm-none-eabi/lib/thumb/v7-m/nofp/libg_nano.a(lib_a-memset.o)
 .ARM.attributes
                0x000000000000022d       0x2d /Users/khoahuynh/Library/xPacks/@gnu-mcu-eclipse/arm-none-eabi-gcc/8.2.1-1.7.1/.content/bin/../lib/gcc/arm-none-eabi/8.2.1/thumb/v7-m/nofp/crtend.o
 .ARM.attributes
                0x000000000000025a       0x1d /Users/khoahuynh/Library/xPacks/@gnu-mcu-eclipse/arm-none-eabi-gcc/8.2.1-1.7.1/.content/bin/../lib/gcc/arm-none-eabi/8.2.1/thumb/v7-m/nofp/crtn.o
OUTPUT(Blink.elf elf32-littlearm)

.debug_line     0x0000000000000000     0x3564
 .debug_line    0x0000000000000000       0x7d ./startup/startup_stm32f103xb.o
 .debug_line    0x000000000000007d      0x42a ./Src/it.o
 .debug_line    0x00000000000004a7      0x7a2 ./Src/main.o
 .debug_line    0x0000000000000c49      0x42b ./Src/msp.o
 .debug_line    0x0000000000001074      0x2c9 ./Src/system_stm32f1xx.o
 .debug_line    0x000000000000133d      0x6dc ./Drivers/STM32F1xx_HAL_Driver/Src/stm32f1xx_hal.o
 .debug_line    0x0000000000001a19      0x8be ./Drivers/STM32F1xx_HAL_Driver/Src/stm32f1xx_hal_cortex.o
 .debug_line    0x00000000000022d7      0x79d ./Drivers/STM32F1xx_HAL_Driver/Src/stm32f1xx_hal_gpio.o
 .debug_line    0x0000000000002a74      0xaf0 ./Drivers/STM32F1xx_HAL_Driver/Src/stm32f1xx_hal_rcc.o

.debug_info     0x0000000000000000     0x39d2
 .debug_info    0x0000000000000000       0x22 ./startup/startup_stm32f103xb.o
 .debug_info    0x0000000000000022      0x15d ./Src/it.o
 .debug_info    0x000000000000017f      0xd5a ./Src/main.o
 .debug_info    0x0000000000000ed9      0x521 ./Src/msp.o
 .debug_info    0x00000000000013fa      0x3f7 ./Src/system_stm32f1xx.o
 .debug_info    0x00000000000017f1      0x72e ./Drivers/STM32F1xx_HAL_Driver/Src/stm32f1xx_hal.o
 .debug_info    0x0000000000001f1f      0xbac ./Drivers/STM32F1xx_HAL_Driver/Src/stm32f1xx_hal_cortex.o
 .debug_info    0x0000000000002acb      0x6b5 ./Drivers/STM32F1xx_HAL_Driver/Src/stm32f1xx_hal_gpio.o
 .debug_info    0x0000000000003180      0x852 ./Drivers/STM32F1xx_HAL_Driver/Src/stm32f1xx_hal_rcc.o

.debug_abbrev   0x0000000000000000      0xf04
 .debug_abbrev  0x0000000000000000       0x12 ./startup/startup_stm32f103xb.o
 .debug_abbrev  0x0000000000000012       0xb8 ./Src/it.o
 .debug_abbrev  0x00000000000000ca      0x263 ./Src/main.o
 .debug_abbrev  0x000000000000032d      0x11b ./Src/msp.o
 .debug_abbrev  0x0000000000000448      0x14e ./Src/system_stm32f1xx.o
 .debug_abbrev  0x0000000000000596      0x200 ./Drivers/STM32F1xx_HAL_Driver/Src/stm32f1xx_hal.o
 .debug_abbrev  0x0000000000000796      0x313 ./Drivers/STM32F1xx_HAL_Driver/Src/stm32f1xx_hal_cortex.o
 .debug_abbrev  0x0000000000000aa9      0x1e8 ./Drivers/STM32F1xx_HAL_Driver/Src/stm32f1xx_hal_gpio.o
 .debug_abbrev  0x0000000000000c91      0x273 ./Drivers/STM32F1xx_HAL_Driver/Src/stm32f1xx_hal_rcc.o

.debug_aranges  0x0000000000000000      0x390
 .debug_aranges
                0x0000000000000000       0x28 ./startup/startup_stm32f103xb.o
 .debug_aranges
                0x0000000000000028       0x20 ./Src/it.o
 .debug_aranges
                0x0000000000000048       0x38 ./Src/main.o
 .debug_aranges
                0x0000000000000080       0x20 ./Src/msp.o
 .debug_aranges
                0x00000000000000a0       0x28 ./Src/system_stm32f1xx.o
 .debug_aranges
                0x00000000000000c8       0xe0 ./Drivers/STM32F1xx_HAL_Driver/Src/stm32f1xx_hal.o
 .debug_aranges
                0x00000000000001a8      0x100 ./Drivers/STM32F1xx_HAL_Driver/Src/stm32f1xx_hal_cortex.o
 .debug_aranges
                0x00000000000002a8       0x58 ./Drivers/STM32F1xx_HAL_Driver/Src/stm32f1xx_hal_gpio.o
 .debug_aranges
                0x0000000000000300       0x90 ./Drivers/STM32F1xx_HAL_Driver/Src/stm32f1xx_hal_rcc.o

.debug_str      0x0000000000000000    0x67a37
 .debug_str     0x0000000000000000       0x75 ./startup/startup_stm32f103xb.o
 .debug_str     0x0000000000000075    0x625cb ./Src/it.o
                                      0x628b4 (size before relaxing)
 .debug_str     0x0000000000062640     0x4415 ./Src/main.o
                                      0x66d46 (size before relaxing)
 .debug_str     0x0000000000066a55      0x2db ./Src/msp.o
                                      0x62c1f (size before relaxing)
 .debug_str     0x0000000000066d30       0x8f ./Src/system_stm32f1xx.o
                                      0x53ef6 (size before relaxing)
 .debug_str     0x0000000000066dbf      0x3c5 ./Drivers/STM32F1xx_HAL_Driver/Src/stm32f1xx_hal.o
                                      0x62fa2 (size before relaxing)
 .debug_str     0x0000000000067184      0x2c8 ./Drivers/STM32F1xx_HAL_Driver/Src/stm32f1xx_hal_cortex.o
                                      0x62fb0 (size before relaxing)
 .debug_str     0x000000000006744c      0x364 ./Drivers/STM32F1xx_HAL_Driver/Src/stm32f1xx_hal_gpio.o
                                      0x62cd0 (size before relaxing)
 .debug_str     0x00000000000677b0      0x287 ./Drivers/STM32F1xx_HAL_Driver/Src/stm32f1xx_hal_rcc.o
                                      0x62d09 (size before relaxing)

.debug_ranges   0x0000000000000000      0x308
 .debug_ranges  0x0000000000000000       0x20 ./startup/startup_stm32f103xb.o
 .debug_ranges  0x0000000000000020       0x10 ./Src/it.o
 .debug_ranges  0x0000000000000030       0x28 ./Src/main.o
 .debug_ranges  0x0000000000000058       0x10 ./Src/msp.o
 .debug_ranges  0x0000000000000068       0x18 ./Src/system_stm32f1xx.o
 .debug_ranges  0x0000000000000080       0xd0 ./Drivers/STM32F1xx_HAL_Driver/Src/stm32f1xx_hal.o
 .debug_ranges  0x0000000000000150       0xf0 ./Drivers/STM32F1xx_HAL_Driver/Src/stm32f1xx_hal_cortex.o
 .debug_ranges  0x0000000000000240       0x48 ./Drivers/STM32F1xx_HAL_Driver/Src/stm32f1xx_hal_gpio.o
 .debug_ranges  0x0000000000000288       0x80 ./Drivers/STM32F1xx_HAL_Driver/Src/stm32f1xx_hal_rcc.o

.debug_macro    0x0000000000000000    0x12dfe
 .debug_macro   0x0000000000000000      0x14f ./Src/it.o
 .debug_macro   0x000000000000014f      0xa84 ./Src/it.o
 .debug_macro   0x0000000000000bd3       0x22 ./Src/it.o
 .debug_macro   0x0000000000000bf5      0x34e ./Src/it.o
 .debug_macro   0x0000000000000f43       0x1c ./Src/it.o
 .debug_macro   0x0000000000000f5f       0x22 ./Src/it.o
 .debug_macro   0x0000000000000f81       0xc3 ./Src/it.o
 .debug_macro   0x0000000000001044      0xd23 ./Src/it.o
 .debug_macro   0x0000000000001d67     0xe09e ./Src/it.o
 .debug_macro   0x000000000000fe05      0x20f ./Src/it.o
 .debug_macro   0x0000000000010014       0x2e ./Src/it.o
 .debug_macro   0x0000000000010042       0x43 ./Src/it.o
 .debug_macro   0x0000000000010085      0x174 ./Src/it.o
 .debug_macro   0x00000000000101f9       0x5a ./Src/it.o
 .debug_macro   0x0000000000010253      0x5be ./Src/it.o
 .debug_macro   0x0000000000010811      0x289 ./Src/it.o
 .debug_macro   0x0000000000010a9a      0x1cb ./Src/it.o
 .debug_macro   0x0000000000010c65      0x114 ./Src/it.o
 .debug_macro   0x0000000000010d79      0x1b2 ./Src/it.o
 .debug_macro   0x0000000000010f2b       0x27 ./Src/it.o
 .debug_macro   0x0000000000010f52      0x136 ./Src/it.o
 .debug_macro   0x0000000000011088      0x1bc ./Src/it.o
 .debug_macro   0x0000000000011244       0x34 ./Src/it.o
 .debug_macro   0x0000000000011278       0x3c ./Src/it.o
 .debug_macro   0x00000000000112b4       0x57 ./Src/it.o
 .debug_macro   0x000000000001130b       0x88 ./Src/it.o
 .debug_macro   0x0000000000011393      0x241 ./Src/it.o
 .debug_macro   0x00000000000115d4      0x141 ./Src/it.o
 .debug_macro   0x0000000000011715       0x83 ./Src/it.o
 .debug_macro   0x0000000000011798      0x2f0 ./Src/main.o
 .debug_macro   0x0000000000011a88       0x22 ./Src/main.o
 .debug_macro   0x0000000000011aaa       0x5e ./Src/main.o
 .debug_macro   0x0000000000011b08       0x18 ./Src/main.o
 .debug_macro   0x0000000000011b20       0x94 ./Src/main.o
 .debug_macro   0x0000000000011bb4       0x35 ./Src/main.o
 .debug_macro   0x0000000000011be9       0x34 ./Src/main.o
 .debug_macro   0x0000000000011c1d       0x57 ./Src/main.o
 .debug_macro   0x0000000000011c74       0x58 ./Src/main.o
 .debug_macro   0x0000000000011ccc       0x1f ./Src/main.o
 .debug_macro   0x0000000000011ceb       0x43 ./Src/main.o
 .debug_macro   0x0000000000011d2e       0x20 ./Src/main.o
 .debug_macro   0x0000000000011d4e      0x18e ./Src/main.o
 .debug_macro   0x0000000000011edc      0x333 ./Src/main.o
 .debug_macro   0x000000000001220f       0x10 ./Src/main.o
 .debug_macro   0x000000000001221f       0x35 ./Src/main.o
 .debug_macro   0x0000000000012254       0x1c ./Src/main.o
 .debug_macro   0x0000000000012270       0x10 ./Src/main.o
 .debug_macro   0x0000000000012280       0x10 ./Src/main.o
 .debug_macro   0x0000000000012290       0x6a ./Src/main.o
 .debug_macro   0x00000000000122fa       0x1c ./Src/main.o
 .debug_macro   0x0000000000012316       0x52 ./Src/main.o
 .debug_macro   0x0000000000012368       0x40 ./Src/main.o
 .debug_macro   0x00000000000123a8       0x10 ./Src/main.o
 .debug_macro   0x00000000000123b8       0x40 ./Src/main.o
 .debug_macro   0x00000000000123f8       0xd7 ./Src/main.o
 .debug_macro   0x00000000000124cf       0x1c ./Src/main.o
 .debug_macro   0x00000000000124eb       0x3d ./Src/main.o
 .debug_macro   0x0000000000012528       0x16 ./Src/main.o
 .debug_macro   0x000000000001253e      0x16f ./Src/main.o
 .debug_macro   0x00000000000126ad      0x145 ./Src/msp.o
 .debug_macro   0x00000000000127f2       0x8f ./Src/system_stm32f1xx.o
 .debug_macro   0x0000000000012881      0x15b ./Drivers/STM32F1xx_HAL_Driver/Src/stm32f1xx_hal.o
 .debug_macro   0x00000000000129dc      0x137 ./Drivers/STM32F1xx_HAL_Driver/Src/stm32f1xx_hal_cortex.o
 .debug_macro   0x0000000000012b13      0x1a2 ./Drivers/STM32F1xx_HAL_Driver/Src/stm32f1xx_hal_gpio.o
 .debug_macro   0x0000000000012cb5      0x149 ./Drivers/STM32F1xx_HAL_Driver/Src/stm32f1xx_hal_rcc.o

.comment        0x0000000000000000       0x68
 .comment       0x0000000000000000       0x68 ./Src/it.o
                                         0x69 (size before relaxing)
 .comment       0x0000000000000068       0x69 ./Src/main.o
 .comment       0x0000000000000068       0x69 ./Src/msp.o
 .comment       0x0000000000000068       0x69 ./Src/system_stm32f1xx.o
 .comment       0x0000000000000068       0x69 ./Drivers/STM32F1xx_HAL_Driver/Src/stm32f1xx_hal.o
 .comment       0x0000000000000068       0x69 ./Drivers/STM32F1xx_HAL_Driver/Src/stm32f1xx_hal_cortex.o
 .comment       0x0000000000000068       0x69 ./Drivers/STM32F1xx_HAL_Driver/Src/stm32f1xx_hal_gpio.o
 .comment       0x0000000000000068       0x69 ./Drivers/STM32F1xx_HAL_Driver/Src/stm32f1xx_hal_rcc.o

.debug_frame    0x0000000000000000      0xc54
 .debug_frame   0x0000000000000000       0x2c ./Src/it.o
 .debug_frame   0x000000000000002c       0x8c ./Src/main.o
 .debug_frame   0x00000000000000b8       0x34 ./Src/msp.o
 .debug_frame   0x00000000000000ec       0x58 ./Src/system_stm32f1xx.o
 .debug_frame   0x0000000000000144      0x334 ./Drivers/STM32F1xx_HAL_Driver/Src/stm32f1xx_hal.o
 .debug_frame   0x0000000000000478      0x428 ./Drivers/STM32F1xx_HAL_Driver/Src/stm32f1xx_hal_cortex.o
 .debug_frame   0x00000000000008a0      0x14c ./Drivers/STM32F1xx_HAL_Driver/Src/stm32f1xx_hal_gpio.o
 .debug_frame   0x00000000000009ec      0x21c ./Drivers/STM32F1xx_HAL_Driver/Src/stm32f1xx_hal_rcc.o
 .debug_frame   0x0000000000000c08       0x2c /Users/khoahuynh/Library/xPacks/@gnu-mcu-eclipse/arm-none-eabi-gcc/8.2.1-1.7.1/.content/bin/../lib/gcc/arm-none-eabi/8.2.1/../../../../arm-none-eabi/lib/thumb/v7-m/nofp/libg_nano.a(lib_a-init.o)
 .debug_frame   0x0000000000000c34       0x20 /Users/khoahuynh/Library/xPacks/@gnu-mcu-eclipse/arm-none-eabi-gcc/8.2.1-1.7.1/.content/bin/../lib/gcc/arm-none-eabi/8.2.1/../../../../arm-none-eabi/lib/thumb/v7-m/nofp/libg_nano.a(lib_a-memset.o)
