Archive member included to satisfy reference by file (symbol)

/Users/khoahuynh/Library/xPacks/@gnu-mcu-eclipse/arm-none-eabi-gcc/8.2.1-1.7.1/.content/bin/../lib/gcc/arm-none-eabi/8.2.1/../../../../arm-none-eabi/lib/thumb/v7-m/nofp/libg_nano.a(lib_a-errno.o)
                              ./Src/syscalls.o (__errno)
/Users/khoahuynh/Library/xPacks/@gnu-mcu-eclipse/arm-none-eabi-gcc/8.2.1-1.7.1/.content/bin/../lib/gcc/arm-none-eabi/8.2.1/../../../../arm-none-eabi/lib/thumb/v7-m/nofp/libg_nano.a(lib_a-exit.o)
                              /Users/khoahuynh/Library/xPacks/@gnu-mcu-eclipse/arm-none-eabi-gcc/8.2.1-1.7.1/.content/bin/../lib/gcc/arm-none-eabi/8.2.1/../../../../arm-none-eabi/lib/thumb/v7-m/nofp/crt0.o (exit)
/Users/khoahuynh/Library/xPacks/@gnu-mcu-eclipse/arm-none-eabi-gcc/8.2.1-1.7.1/.content/bin/../lib/gcc/arm-none-eabi/8.2.1/../../../../arm-none-eabi/lib/thumb/v7-m/nofp/libg_nano.a(lib_a-impure.o)
                              /Users/khoahuynh/Library/xPacks/@gnu-mcu-eclipse/arm-none-eabi-gcc/8.2.1-1.7.1/.content/bin/../lib/gcc/arm-none-eabi/8.2.1/../../../../arm-none-eabi/lib/thumb/v7-m/nofp/libg_nano.a(lib_a-exit.o) (_global_impure_ptr)
/Users/khoahuynh/Library/xPacks/@gnu-mcu-eclipse/arm-none-eabi-gcc/8.2.1-1.7.1/.content/bin/../lib/gcc/arm-none-eabi/8.2.1/../../../../arm-none-eabi/lib/thumb/v7-m/nofp/libg_nano.a(lib_a-init.o)
                              /Users/khoahuynh/Library/xPacks/@gnu-mcu-eclipse/arm-none-eabi-gcc/8.2.1-1.7.1/.content/bin/../lib/gcc/arm-none-eabi/8.2.1/../../../../arm-none-eabi/lib/thumb/v7-m/nofp/crt0.o (__libc_init_array)
/Users/khoahuynh/Library/xPacks/@gnu-mcu-eclipse/arm-none-eabi-gcc/8.2.1-1.7.1/.content/bin/../lib/gcc/arm-none-eabi/8.2.1/../../../../arm-none-eabi/lib/thumb/v7-m/nofp/libg_nano.a(lib_a-memset.o)
                              /Users/khoahuynh/Library/xPacks/@gnu-mcu-eclipse/arm-none-eabi-gcc/8.2.1-1.7.1/.content/bin/../lib/gcc/arm-none-eabi/8.2.1/../../../../arm-none-eabi/lib/thumb/v7-m/nofp/crt0.o (memset)

Allocating common symbols
Common symbol       size              file

uwTick              0x4               ./Drivers/STM32F1xx_HAL_Driver/Src/stm32f1xx_hal.o
pFlash              0x20              ./Drivers/STM32F1xx_HAL_Driver/Src/stm32f1xx_hal_flash.o

Discarded input sections

 .text          0x0000000000000000        0x0 /Users/khoahuynh/Library/xPacks/@gnu-mcu-eclipse/arm-none-eabi-gcc/8.2.1-1.7.1/.content/bin/../lib/gcc/arm-none-eabi/8.2.1/thumb/v7-m/nofp/crti.o
 .data          0x0000000000000000        0x0 /Users/khoahuynh/Library/xPacks/@gnu-mcu-eclipse/arm-none-eabi-gcc/8.2.1-1.7.1/.content/bin/../lib/gcc/arm-none-eabi/8.2.1/thumb/v7-m/nofp/crti.o
 .bss           0x0000000000000000        0x0 /Users/khoahuynh/Library/xPacks/@gnu-mcu-eclipse/arm-none-eabi-gcc/8.2.1-1.7.1/.content/bin/../lib/gcc/arm-none-eabi/8.2.1/thumb/v7-m/nofp/crti.o
 .text          0x0000000000000000        0x0 /Users/khoahuynh/Library/xPacks/@gnu-mcu-eclipse/arm-none-eabi-gcc/8.2.1-1.7.1/.content/bin/../lib/gcc/arm-none-eabi/8.2.1/thumb/v7-m/nofp/crtbegin.o
 .data          0x0000000000000000        0x0 /Users/khoahuynh/Library/xPacks/@gnu-mcu-eclipse/arm-none-eabi-gcc/8.2.1-1.7.1/.content/bin/../lib/gcc/arm-none-eabi/8.2.1/thumb/v7-m/nofp/crtbegin.o
 .bss           0x0000000000000000        0x0 /Users/khoahuynh/Library/xPacks/@gnu-mcu-eclipse/arm-none-eabi-gcc/8.2.1-1.7.1/.content/bin/../lib/gcc/arm-none-eabi/8.2.1/thumb/v7-m/nofp/crtbegin.o
 .data.__dso_handle
                0x0000000000000000        0x4 /Users/khoahuynh/Library/xPacks/@gnu-mcu-eclipse/arm-none-eabi-gcc/8.2.1-1.7.1/.content/bin/../lib/gcc/arm-none-eabi/8.2.1/thumb/v7-m/nofp/crtbegin.o
 .text          0x0000000000000000       0x74 /Users/khoahuynh/Library/xPacks/@gnu-mcu-eclipse/arm-none-eabi-gcc/8.2.1-1.7.1/.content/bin/../lib/gcc/arm-none-eabi/8.2.1/../../../../arm-none-eabi/lib/thumb/v7-m/nofp/crt0.o
 .data          0x0000000000000000        0x0 /Users/khoahuynh/Library/xPacks/@gnu-mcu-eclipse/arm-none-eabi-gcc/8.2.1-1.7.1/.content/bin/../lib/gcc/arm-none-eabi/8.2.1/../../../../arm-none-eabi/lib/thumb/v7-m/nofp/crt0.o
 .bss           0x0000000000000000        0x0 /Users/khoahuynh/Library/xPacks/@gnu-mcu-eclipse/arm-none-eabi-gcc/8.2.1-1.7.1/.content/bin/../lib/gcc/arm-none-eabi/8.2.1/../../../../arm-none-eabi/lib/thumb/v7-m/nofp/crt0.o
 .ARM.extab     0x0000000000000000        0x0 /Users/khoahuynh/Library/xPacks/@gnu-mcu-eclipse/arm-none-eabi-gcc/8.2.1-1.7.1/.content/bin/../lib/gcc/arm-none-eabi/8.2.1/../../../../arm-none-eabi/lib/thumb/v7-m/nofp/crt0.o
 .ARM.exidx     0x0000000000000000        0x8 /Users/khoahuynh/Library/xPacks/@gnu-mcu-eclipse/arm-none-eabi-gcc/8.2.1-1.7.1/.content/bin/../lib/gcc/arm-none-eabi/8.2.1/../../../../arm-none-eabi/lib/thumb/v7-m/nofp/crt0.o
 .ARM.attributes
[...]
Memory Configuration

Name             Origin             Length             Attributes
RAM              0x0000000020000000 0x0000000000005000 xrw
FLASH            0x0000000008000000 0x0000000000010000 xr
*default*        0x0000000000000000 0xffffffffffffffff

Linker script and memory map

LOAD /Users/khoahuynh/Library/xPacks/@gnu-mcu-eclipse/arm-none-eabi-gcc/8.2.1-1.7.1/.content/bin/../lib/gcc/arm-none-eabi/8.2.1/thumb/v7-m/nofp/crti.o
LOAD /Users/khoahuynh/Library/xPacks/@gnu-mcu-eclipse/arm-none-eabi-gcc/8.2.1-1.7.1/.content/bin/../lib/gcc/arm-none-eabi/8.2.1/thumb/v7-m/nofp/crtbegin.o
LOAD /Users/khoahuynh/Library/xPacks/@gnu-mcu-eclipse/arm-none-eabi-gcc/8.2.1-1.7.1/.content/bin/../lib/gcc/arm-none-eabi/8.2.1/../../../../arm-none-eabi/lib/thumb/v7-m/nofp/crt0.o
LOAD ./startup/startup_stm32f103xb.o
LOAD ./Src/DMX_data_stream.o
LOAD ./Src/Encoder_24B.o
LOAD ./Src/it.o
LOAD ./Src/main.o
LOAD ./Src/msp.o
LOAD ./Src/syscalls.o
LOAD ./Src/system_stm32f1xx.o
LOAD ./Drivers/STM32F1xx_HAL_Driver/Src/stm32f1xx_hal.o
LOAD ./Drivers/STM32F1xx_HAL_Driver/Src/stm32f1xx_hal_cortex.o
LOAD ./Drivers/STM32F1xx_HAL_Driver/Src/stm32f1xx_hal_dma.o
LOAD ./Drivers/STM32F1xx_HAL_Driver/Src/stm32f1xx_hal_exti.o
LOAD ./Drivers/STM32F1xx_HAL_Driver/Src/stm32f1xx_hal_flash.o
LOAD ./Drivers/STM32F1xx_HAL_Driver/Src/stm32f1xx_hal_flash_ex.o
LOAD ./Drivers/STM32F1xx_HAL_Driver/Src/stm32f1xx_hal_gpio.o
LOAD ./Drivers/STM32F1xx_HAL_Driver/Src/stm32f1xx_hal_gpio_ex.o
LOAD ./Drivers/STM32F1xx_HAL_Driver/Src/stm32f1xx_hal_pwr.o
LOAD ./Drivers/STM32F1xx_HAL_Driver/Src/stm32f1xx_hal_rcc.o
LOAD ./Drivers/STM32F1xx_HAL_Driver/Src/stm32f1xx_hal_rcc_ex.o
LOAD ./Drivers/STM32F1xx_HAL_Driver/Src/stm32f1xx_hal_tim.o
LOAD ./Drivers/STM32F1xx_HAL_Driver/Src/stm32f1xx_hal_tim_ex.o
LOAD ./Drivers/STM32F1xx_HAL_Driver/Src/stm32f1xx_hal_uart.o
LOAD /Users/khoahuynh/Library/xPacks/@gnu-mcu-eclipse/arm-none-eabi-gcc/8.2.1-1.7.1/.content/bin/../lib/gcc/arm-none-eabi/8.2.1/../../../../arm-none-eabi/lib/thumb/v7-m/nofp/libstdc++_nano.a
LOAD /Users/khoahuynh/Library/xPacks/@gnu-mcu-eclipse/arm-none-eabi-gcc/8.2.1-1.7.1/.content/bin/../lib/gcc/arm-none-eabi/8.2.1/../../../../arm-none-eabi/lib/thumb/v7-m/nofp/libm.a
START GROUP
LOAD /Users/khoahuynh/Library/xPacks/@gnu-mcu-eclipse/arm-none-eabi-gcc/8.2.1-1.7.1/.content/bin/../lib/gcc/arm-none-eabi/8.2.1/thumb/v7-m/nofp/libgcc.a
LOAD /Users/khoahuynh/Library/xPacks/@gnu-mcu-eclipse/arm-none-eabi-gcc/8.2.1-1.7.1/.content/bin/../lib/gcc/arm-none-eabi/8.2.1/../../../../arm-none-eabi/lib/thumb/v7-m/nofp/libg_nano.a
LOAD /Users/khoahuynh/Library/xPacks/@gnu-mcu-eclipse/arm-none-eabi-gcc/8.2.1-1.7.1/.content/bin/../lib/gcc/arm-none-eabi/8.2.1/../../../../arm-none-eabi/lib/thumb/v7-m/nofp/libc_nano.a
END GROUP
START GROUP
LOAD /Users/khoahuynh/Library/xPacks/@gnu-mcu-eclipse/arm-none-eabi-gcc/8.2.1-1.7.1/.content/bin/../lib/gcc/arm-none-eabi/8.2.1/thumb/v7-m/nofp/libgcc.a
LOAD /Users/khoahuynh/Library/xPacks/@gnu-mcu-eclipse/arm-none-eabi-gcc/8.2.1-1.7.1/.content/bin/../lib/gcc/arm-none-eabi/8.2.1/../../../../arm-none-eabi/lib/thumb/v7-m/nofp/libc_nano.a
END GROUP
LOAD /Users/khoahuynh/Library/xPacks/@gnu-mcu-eclipse/arm-none-eabi-gcc/8.2.1-1.7.1/.content/bin/../lib/gcc/arm-none-eabi/8.2.1/thumb/v7-m/nofp/crtend.o
LOAD /Users/khoahuynh/Library/xPacks/@gnu-mcu-eclipse/arm-none-eabi-gcc/8.2.1-1.7.1/.content/bin/../lib/gcc/arm-none-eabi/8.2.1/thumb/v7-m/nofp/crtn.o
                0x0000000020005000                _estack = 0x20005000
                0x0000000000000200                _Min_Heap_Size = 0x200
                0x0000000000000400                _Min_Stack_Size = 0x400

.isr_vector     0x0000000008000000      0x10c
                0x0000000008000000                . = ALIGN (0x4)
 *(.isr_vector)
 .isr_vector    0x0000000008000000      0x10c ./startup/startup_stm32f103xb.o
                0x0000000008000000                g_pfnVectors
                0x000000000800010c                . = ALIGN (0x4)

.text           0x000000000800010c     0x1ae0
                0x000000000800010c                . = ALIGN (0x4)
 *(.text)
 *(.text*)
 .text.deregister_tm_clones
                0x000000000800010c       0x1c /Users/khoahuynh/Library/xPacks/@gnu-mcu-eclipse/arm-none-eabi-gcc/8.2.1-1.7.1/.content/bin/../lib/gcc/arm-none-eabi/8.2.1/thumb/v7-m/nofp/crtbegin.o
 .text.register_tm_clones
                0x0000000008000128       0x24 /Users/khoahuynh/Library/xPacks/@gnu-mcu-eclipse/arm-none-eabi-gcc/8.2.1-1.7.1/.content/bin/../lib/gcc/arm-none-eabi/8.2.1/thumb/v7-m/nofp/crtbegin.o
 .text.__do_global_dtors_aux
                0x000000000800014c       0x28 /Users/khoahuynh/Library/xPacks/@gnu-mcu-eclipse/arm-none-eabi-gcc/8.2.1-1.7.1/.content/bin/../lib/gcc/arm-none-eabi/8.2.1/thumb/v7-m/nofp/crtbegin.o
 .text.frame_dummy
                0x0000000008000174       0x24 /Users/khoahuynh/Library/xPacks/@gnu-mcu-eclipse/arm-none-eabi-gcc/8.2.1-1.7.1/.content/bin/../lib/gcc/arm-none-eabi/8.2.1/thumb/v7-m/nofp/crtbegin.o
 .text.Reset_Handler
                0x0000000008000198       0x48 ./startup/startup_stm32f103xb.o
                0x0000000008000198                Reset_Handler
 .text.Default_Handler
                0x00000000080001e0        0x2 ./startup/startup_stm32f103xb.o
                0x00000000080001e0                USBWakeUp_IRQHandler
                0x00000000080001e0                EXTI2_IRQHandler
                0x00000000080001e0                DebugMon_Handler
                0x00000000080001e0                TIM1_CC_IRQHandler
                0x00000000080001e0                HardFault_Handler
                0x00000000080001e0                PVD_IRQHandler
                0x00000000080001e0                PendSV_Handler
                0x00000000080001e0                NMI_Handler
                0x00000000080001e0                EXTI3_IRQHandler
                0x00000000080001e0                EXTI0_IRQHandler
                0x00000000080001e0                I2C2_EV_IRQHandler
                0x00000000080001e0                UsageFault_Handler
                0x00000000080001e0                ADC1_2_IRQHandler
                0x00000000080001e0                SPI1_IRQHandler
                0x00000000080001e0                TAMPER_IRQHandler
                0x00000000080001e0                DMA1_Channel4_IRQHandler
                0x00000000080001e0                USART3_IRQHandler
                0x00000000080001e0                RTC_IRQHandler
                0x00000000080001e0                DMA1_Channel7_IRQHandler
                0x00000000080001e0                CAN1_RX1_IRQHandler
                0x00000000080001e0                TIM4_IRQHandler
                0x00000000080001e0                I2C1_EV_IRQHandler
                0x00000000080001e0                DMA1_Channel6_IRQHandler
                0x00000000080001e0                TIM3_IRQHandler
                0x00000000080001e0                RCC_IRQHandler
                0x00000000080001e0                TIM1_TRG_COM_IRQHandler
                0x00000000080001e0                DMA1_Channel1_IRQHandler
                0x00000000080001e0                Default_Handler
                0x00000000080001e0                EXTI15_10_IRQHandler
                0x00000000080001e0                EXTI9_5_IRQHandler
                0x00000000080001e0                SPI2_IRQHandler
                0x00000000080001e0                MemManage_Handler
                0x00000000080001e0                SVC_Handler
                0x00000000080001e0                DMA1_Channel5_IRQHandler
                0x00000000080001e0                EXTI4_IRQHandler
                0x00000000080001e0                USB_LP_CAN1_RX0_IRQHandler
                0x00000000080001e0                USB_HP_CAN1_TX_IRQHandler
                0x00000000080001e0                DMA1_Channel3_IRQHandler
                0x00000000080001e0                TIM1_UP_IRQHandler
                0x00000000080001e0                WWDG_IRQHandler
                0x00000000080001e0                TIM2_IRQHandler
                0x00000000080001e0                TIM1_BRK_IRQHandler
                0x00000000080001e0                EXTI1_IRQHandler
                0x00000000080001e0                USART2_IRQHandler
                0x00000000080001e0                I2C2_ER_IRQHandler
                0x00000000080001e0                DMA1_Channel2_IRQHandler
                0x00000000080001e0                CAN1_SCE_IRQHandler
                0x00000000080001e0                FLASH_IRQHandler
                0x00000000080001e0                BusFault_Handler
                0x00000000080001e0                I2C1_ER_IRQHandler
                0x00000000080001e0                RTC_Alarm_IRQHandler
 .text.SysTick_Handler
                0x00000000080001e2       0x10 ./Src/it.o
                0x00000000080001e2                SysTick_Handler
 *fill*         0x00000000080001f2        0x2 
 .text.USART1_IRQHandler
                0x00000000080001f4       0x14 ./Src/it.o
                0x00000000080001f4                USART1_IRQHandler
 .text.main     0x0000000008000208       0x40 ./Src/main.o
                0x0000000008000208                main
 .text.Error_Handler
                0x0000000008000248        0x6 ./Src/main.o
                0x0000000008000248                Error_Handler
 *fill*         0x000000000800024e        0x2 
 .text.SYSCLK_Init
                0x0000000008000250       0x94 ./Src/main.o
                0x0000000008000250                SYSCLK_Init
 .text.GPIO_Init
                0x00000000080002e4       0x74 ./Src/main.o
                0x00000000080002e4                GPIO_Init
 .text.UART_Init
                0x0000000008000358       0x58 ./Src/main.o
                0x0000000008000358                UART_Init
 .text.HAL_MspInit
                0x00000000080003b0       0x64 ./Src/msp.o
                0x00000000080003b0                HAL_MspInit
 .text.HAL_UART_MspInit
                0x0000000008000414       0x78 ./Src/msp.o
                0x0000000008000414                HAL_UART_MspInit
 .text.SystemInit
                0x000000000800048c       0x68 ./Src/system_stm32f1xx.o
                0x000000000800048c                SystemInit
 .text.HAL_Init
                0x00000000080004f4       0x2c ./Drivers/STM32F1xx_HAL_Driver/Src/stm32f1xx_hal.o
                0x00000000080004f4                HAL_Init
 .text.HAL_InitTick
                0x0000000008000520       0x60 ./Drivers/STM32F1xx_HAL_Driver/Src/stm32f1xx_hal.o
                0x0000000008000520                HAL_InitTick
 .text.HAL_IncTick
                0x0000000008000580       0x24 ./Drivers/STM32F1xx_HAL_Driver/Src/stm32f1xx_hal.o
                0x0000000008000580                HAL_IncTick
 .text.HAL_GetTick
                0x00000000080005a4       0x14 ./Drivers/STM32F1xx_HAL_Driver/Src/stm32f1xx_hal.o
                0x00000000080005a4                HAL_GetTick
 .text.__NVIC_SetPriorityGrouping
                0x00000000080005b8       0x48 ./Drivers/STM32F1xx_HAL_Driver/Src/stm32f1xx_hal_cortex.o
 .text.__NVIC_GetPriorityGrouping
                0x0000000008000600       0x1c ./Drivers/STM32F1xx_HAL_Driver/Src/stm32f1xx_hal_cortex.o
 .text.__NVIC_EnableIRQ
                0x000000000800061c       0x38 ./Drivers/STM32F1xx_HAL_Driver/Src/stm32f1xx_hal_cortex.o
 .text.__NVIC_SetPriority
                0x0000000008000654       0x54 ./Drivers/STM32F1xx_HAL_Driver/Src/stm32f1xx_hal_cortex.o
 .text.NVIC_EncodePriority
                0x00000000080006a8       0x64 ./Drivers/STM32F1xx_HAL_Driver/Src/stm32f1xx_hal_cortex.o
 .text.SysTick_Config
                0x000000000800070c       0x44 ./Drivers/STM32F1xx_HAL_Driver/Src/stm32f1xx_hal_cortex.o
 .text.HAL_NVIC_SetPriorityGrouping
                0x0000000008000750       0x16 ./Drivers/STM32F1xx_HAL_Driver/Src/stm32f1xx_hal_cortex.o
                0x0000000008000750                HAL_NVIC_SetPriorityGrouping
 .text.HAL_NVIC_SetPriority
                0x0000000008000766       0x38 ./Drivers/STM32F1xx_HAL_Driver/Src/stm32f1xx_hal_cortex.o
                0x0000000008000766                HAL_NVIC_SetPriority
 .text.HAL_NVIC_EnableIRQ
                0x000000000800079e       0x1c ./Drivers/STM32F1xx_HAL_Driver/Src/stm32f1xx_hal_cortex.o
                0x000000000800079e                HAL_NVIC_EnableIRQ
 .text.HAL_SYSTICK_Config
                0x00000000080007ba       0x18 ./Drivers/STM32F1xx_HAL_Driver/Src/stm32f1xx_hal_cortex.o
                0x00000000080007ba                HAL_SYSTICK_Config
 *fill*         0x00000000080007d2        0x2 
 .text.HAL_SYSTICK_CLKSourceConfig
                0x00000000080007d4       0x38 ./Drivers/STM32F1xx_HAL_Driver/Src/stm32f1xx_hal_cortex.o
                0x00000000080007d4                HAL_SYSTICK_CLKSourceConfig
 .text.HAL_SYSTICK_IRQHandler
                0x000000000800080c        0xc ./Drivers/STM32F1xx_HAL_Driver/Src/stm32f1xx_hal_cortex.o
                0x000000000800080c                HAL_SYSTICK_IRQHandler
 .text.HAL_SYSTICK_Callback
                0x0000000008000818        0xc ./Drivers/STM32F1xx_HAL_Driver/Src/stm32f1xx_hal_cortex.o
                0x0000000008000818                HAL_SYSTICK_Callback
 .text.HAL_DMA_Abort_IT
                0x0000000008000824       0xec ./Drivers/STM32F1xx_HAL_Driver/Src/stm32f1xx_hal_dma.o
                0x0000000008000824                HAL_DMA_Abort_IT
 .text.HAL_GPIO_Init
                0x0000000008000910      0x2b4 ./Drivers/STM32F1xx_HAL_Driver/Src/stm32f1xx_hal_gpio.o
                0x0000000008000910                HAL_GPIO_Init
 .text.HAL_RCC_OscConfig
                0x0000000008000bc4      0x500 ./Drivers/STM32F1xx_HAL_Driver/Src/stm32f1xx_hal_rcc.o
                0x0000000008000bc4                HAL_RCC_OscConfig
 .text.HAL_RCC_ClockConfig
                0x00000000080010c4      0x1d4 ./Drivers/STM32F1xx_HAL_Driver/Src/stm32f1xx_hal_rcc.o
                0x00000000080010c4                HAL_RCC_ClockConfig
 .text.HAL_RCC_GetSysClockFreq
                0x0000000008001298       0xc4 ./Drivers/STM32F1xx_HAL_Driver/Src/stm32f1xx_hal_rcc.o
                0x0000000008001298                HAL_RCC_GetSysClockFreq
 .text.HAL_RCC_GetHCLKFreq
                0x000000000800135c       0x14 ./Drivers/STM32F1xx_HAL_Driver/Src/stm32f1xx_hal_rcc.o
                0x000000000800135c                HAL_RCC_GetHCLKFreq
 .text.HAL_RCC_GetPCLK1Freq
                0x0000000008001370       0x28 ./Drivers/STM32F1xx_HAL_Driver/Src/stm32f1xx_hal_rcc.o
                0x0000000008001370                HAL_RCC_GetPCLK1Freq
 .text.HAL_RCC_GetPCLK2Freq
                0x0000000008001398       0x28 ./Drivers/STM32F1xx_HAL_Driver/Src/stm32f1xx_hal_rcc.o
                0x0000000008001398                HAL_RCC_GetPCLK2Freq
 .text.RCC_Delay
                0x00000000080013c0       0x3c ./Drivers/STM32F1xx_HAL_Driver/Src/stm32f1xx_hal_rcc.o
 .text.HAL_UART_Init
                0x00000000080013fc       0x9a ./Drivers/STM32F1xx_HAL_Driver/Src/stm32f1xx_hal_uart.o
                0x00000000080013fc                HAL_UART_Init
 .text.HAL_UART_Transmit_IT
                0x0000000008001496       0x88 ./Drivers/STM32F1xx_HAL_Driver/Src/stm32f1xx_hal_uart.o
                0x0000000008001496                HAL_UART_Transmit_IT
 *fill*         0x000000000800151e        0x2 
 .text.HAL_UART_IRQHandler
                0x0000000008001520      0x1f8 ./Drivers/STM32F1xx_HAL_Driver/Src/stm32f1xx_hal_uart.o
                0x0000000008001520                HAL_UART_IRQHandler
 .text.HAL_UART_TxCpltCallback
                0x0000000008001718       0x12 ./Drivers/STM32F1xx_HAL_Driver/Src/stm32f1xx_hal_uart.o
                0x0000000008001718                HAL_UART_TxCpltCallback
 .text.HAL_UART_RxCpltCallback
                0x000000000800172a       0x12 ./Drivers/STM32F1xx_HAL_Driver/Src/stm32f1xx_hal_uart.o
                0x000000000800172a                HAL_UART_RxCpltCallback
 .text.HAL_UART_ErrorCallback
                0x000000000800173c       0x12 ./Drivers/STM32F1xx_HAL_Driver/Src/stm32f1xx_hal_uart.o
                0x000000000800173c                HAL_UART_ErrorCallback
 .text.HAL_UART_GetState
                0x000000000800174e       0x3a ./Drivers/STM32F1xx_HAL_Driver/Src/stm32f1xx_hal_uart.o
                0x000000000800174e                HAL_UART_GetState
 .text.UART_EndRxTransfer
                0x0000000008001788       0x3a ./Drivers/STM32F1xx_HAL_Driver/Src/stm32f1xx_hal_uart.o
 .text.UART_DMAAbortOnError
                0x00000000080017c2       0x28 ./Drivers/STM32F1xx_HAL_Driver/Src/stm32f1xx_hal_uart.o
 .text.UART_Transmit_IT
                0x00000000080017ea       0xaa ./Drivers/STM32F1xx_HAL_Driver/Src/stm32f1xx_hal_uart.o
 .text.UART_EndTransmit_IT
                0x0000000008001894       0x30 ./Drivers/STM32F1xx_HAL_Driver/Src/stm32f1xx_hal_uart.o
 .text.UART_Receive_IT
                0x00000000080018c4      0x102 ./Drivers/STM32F1xx_HAL_Driver/Src/stm32f1xx_hal_uart.o
 *fill*         0x00000000080019c6        0x2 
 .text.UART_SetConfig
                0x00000000080019c8      0x1b4 ./Drivers/STM32F1xx_HAL_Driver/Src/stm32f1xx_hal_uart.o
 .text.__libc_init_array
                0x0000000008001b7c       0x48 /Users/khoahuynh/Library/xPacks/@gnu-mcu-eclipse/arm-none-eabi-gcc/8.2.1-1.7.1/.content/bin/../lib/gcc/arm-none-eabi/8.2.1/../../../../arm-none-eabi/lib/thumb/v7-m/nofp/libg_nano.a(lib_a-init.o)
                0x0000000008001b7c                __libc_init_array
 .text.memset   0x0000000008001bc4       0x10 /Users/khoahuynh/Library/xPacks/@gnu-mcu-eclipse/arm-none-eabi-gcc/8.2.1-1.7.1/.content/bin/../lib/gcc/arm-none-eabi/8.2.1/../../../../arm-none-eabi/lib/thumb/v7-m/nofp/libg_nano.a(lib_a-memset.o)
                0x0000000008001bc4                memset
 *(.glue_7)
 .glue_7        0x0000000008001bd4        0x0 linker stubs
 *(.glue_7t)
 .glue_7t       0x0000000008001bd4        0x0 linker stubs
 *(.eh_frame)
 .eh_frame      0x0000000008001bd4        0x0 /Users/khoahuynh/Library/xPacks/@gnu-mcu-eclipse/arm-none-eabi-gcc/8.2.1-1.7.1/.content/bin/../lib/gcc/arm-none-eabi/8.2.1/thumb/v7-m/nofp/crtbegin.o
 *(.init)
 .init          0x0000000008001bd4        0x4 /Users/khoahuynh/Library/xPacks/@gnu-mcu-eclipse/arm-none-eabi-gcc/8.2.1-1.7.1/.content/bin/../lib/gcc/arm-none-eabi/8.2.1/thumb/v7-m/nofp/crti.o
                0x0000000008001bd4                _init
 .init          0x0000000008001bd8        0x8 /Users/khoahuynh/Library/xPacks/@gnu-mcu-eclipse/arm-none-eabi-gcc/8.2.1-1.7.1/.content/bin/../lib/gcc/arm-none-eabi/8.2.1/thumb/v7-m/nofp/crtn.o
 *(.fini)
 .fini          0x0000000008001be0        0x4 /Users/khoahuynh/Library/xPacks/@gnu-mcu-eclipse/arm-none-eabi-gcc/8.2.1-1.7.1/.content/bin/../lib/gcc/arm-none-eabi/8.2.1/thumb/v7-m/nofp/crti.o
                0x0000000008001be0                _fini
 .fini          0x0000000008001be4        0x8 /Users/khoahuynh/Library/xPacks/@gnu-mcu-eclipse/arm-none-eabi-gcc/8.2.1-1.7.1/.content/bin/../lib/gcc/arm-none-eabi/8.2.1/thumb/v7-m/nofp/crtn.o
                0x0000000008001bec                . = ALIGN (0x4)
                0x0000000008001bec                _etext = .

.vfp11_veneer   0x0000000008001bec        0x0
 .vfp11_veneer  0x0000000008001bec        0x0 linker stubs

.v4_bx          0x0000000008001bec        0x0
 .v4_bx         0x0000000008001bec        0x0 linker stubs

.iplt           0x0000000008001bec        0x0
 .iplt          0x0000000008001bec        0x0 /Users/khoahuynh/Library/xPacks/@gnu-mcu-eclipse/arm-none-eabi-gcc/8.2.1-1.7.1/.content/bin/../lib/gcc/arm-none-eabi/8.2.1/thumb/v7-m/nofp/crtbegin.o

.rodata         0x0000000008001bec       0x2c
                0x0000000008001bec                . = ALIGN (0x4)
 *(.rodata)
 .rodata        0x0000000008001bec       0x12 ./Drivers/STM32F1xx_HAL_Driver/Src/stm32f1xx_hal_rcc.o
 *(.rodata*)
 *fill*         0x0000000008001bfe        0x2 
 .rodata.AHBPrescTable
                0x0000000008001c00       0x10 ./Src/system_stm32f1xx.o
                0x0000000008001c00                AHBPrescTable
 .rodata.APBPrescTable
                0x0000000008001c10        0x8 ./Src/system_stm32f1xx.o
                0x0000000008001c10                APBPrescTable
                0x0000000008001c18                . = ALIGN (0x4)

.rel.dyn        0x0000000008001c18        0x0
 .rel.iplt      0x0000000008001c18        0x0 /Users/khoahuynh/Library/xPacks/@gnu-mcu-eclipse/arm-none-eabi-gcc/8.2.1-1.7.1/.content/bin/../lib/gcc/arm-none-eabi/8.2.1/thumb/v7-m/nofp/crtbegin.o

.ARM.extab
 *(.ARM.extab* .gnu.linkonce.armextab.*)

.ARM            0x0000000008001c18        0x0
                0x0000000008001c18                __exidx_start = .
 *(.ARM.exidx*)
                0x0000000008001c18                __exidx_end = .

.preinit_array  0x0000000008001c18        0x0
                0x0000000008001c18                PROVIDE (__preinit_array_start = .)
 *(.preinit_array*)
                0x0000000008001c18                PROVIDE (__preinit_array_end = .)

.init_array     0x0000000008001c18        0x4
                0x0000000008001c18                PROVIDE (__init_array_start = .)
 *(SORT_BY_NAME(.init_array.*))
 *(.init_array*)
 .init_array    0x0000000008001c18        0x4 /Users/khoahuynh/Library/xPacks/@gnu-mcu-eclipse/arm-none-eabi-gcc/8.2.1-1.7.1/.content/bin/../lib/gcc/arm-none-eabi/8.2.1/thumb/v7-m/nofp/crtbegin.o
                0x0000000008001c1c                PROVIDE (__init_array_end = .)

.fini_array     0x0000000008001c1c        0x4
                [!provide]                        PROVIDE (__fini_array_start = .)
 *(SORT_BY_NAME(.fini_array.*))
 *(.fini_array*)
 .fini_array    0x0000000008001c1c        0x4 /Users/khoahuynh/Library/xPacks/@gnu-mcu-eclipse/arm-none-eabi-gcc/8.2.1-1.7.1/.content/bin/../lib/gcc/arm-none-eabi/8.2.1/thumb/v7-m/nofp/crtbegin.o
                [!provide]                        PROVIDE (__fini_array_end = .)
                0x0000000008001c20                _sidata = LOADADDR (.data)

.data           0x0000000020000000        0xc load address 0x0000000008001c20
                0x0000000020000000                . = ALIGN (0x4)
                0x0000000020000000                _sdata = .
 *(.data)
 *(.data*)
 .data.SystemCoreClock
                0x0000000020000000        0x4 ./Src/system_stm32f1xx.o
                0x0000000020000000                SystemCoreClock
 .data.uwTickPrio
                0x0000000020000004        0x4 ./Drivers/STM32F1xx_HAL_Driver/Src/stm32f1xx_hal.o
                0x0000000020000004                uwTickPrio
 .data.uwTickFreq
                0x0000000020000008        0x1 ./Drivers/STM32F1xx_HAL_Driver/Src/stm32f1xx_hal.o
                0x0000000020000008                uwTickFreq
                0x000000002000000c                . = ALIGN (0x4)
 *fill*         0x0000000020000009        0x3 
                0x000000002000000c                _edata = .

.tm_clone_table
                0x000000002000000c        0x0 load address 0x0000000008001c2c
 .tm_clone_table
                0x000000002000000c        0x0 /Users/khoahuynh/Library/xPacks/@gnu-mcu-eclipse/arm-none-eabi-gcc/8.2.1-1.7.1/.content/bin/../lib/gcc/arm-none-eabi/8.2.1/thumb/v7-m/nofp/crtbegin.o
 .tm_clone_table
                0x000000002000000c        0x0 /Users/khoahuynh/Library/xPacks/@gnu-mcu-eclipse/arm-none-eabi-gcc/8.2.1-1.7.1/.content/bin/../lib/gcc/arm-none-eabi/8.2.1/thumb/v7-m/nofp/crtend.o

.igot.plt       0x000000002000000c        0x0 load address 0x0000000008001c2c
 .igot.plt      0x000000002000000c        0x0 /Users/khoahuynh/Library/xPacks/@gnu-mcu-eclipse/arm-none-eabi-gcc/8.2.1-1.7.1/.content/bin/../lib/gcc/arm-none-eabi/8.2.1/thumb/v7-m/nofp/crtbegin.o
                0x000000002000000c                . = ALIGN (0x4)

.bss            0x000000002000000c      0x264 load address 0x0000000008001c2c
                0x000000002000000c                _sbss = .
                0x000000002000000c                __bss_start__ = _sbss
 *(.bss)
 *(.bss*)
 .bss.completed.6707
                0x000000002000000c        0x1 /Users/khoahuynh/Library/xPacks/@gnu-mcu-eclipse/arm-none-eabi-gcc/8.2.1-1.7.1/.content/bin/../lib/gcc/arm-none-eabi/8.2.1/thumb/v7-m/nofp/crtbegin.o
 *fill*         0x000000002000000d        0x3 
 .bss.object.6712
                0x0000000020000010       0x18 /Users/khoahuynh/Library/xPacks/@gnu-mcu-eclipse/arm-none-eabi-gcc/8.2.1-1.7.1/.content/bin/../lib/gcc/arm-none-eabi/8.2.1/thumb/v7-m/nofp/crtbegin.o
 .bss.DMX_frame
                0x0000000020000028      0x201 ./Src/DMX_data_stream.o
                0x0000000020000028                DMX_frame
 *fill*         0x0000000020000229        0x3 
 .bss.huart1    0x000000002000022c       0x40 ./Src/main.o
                0x000000002000022c                huart1
 *(COMMON)
 COMMON         0x000000002000026c        0x4 ./Drivers/STM32F1xx_HAL_Driver/Src/stm32f1xx_hal.o
                0x000000002000026c                uwTick
                0x0000000020000270                . = ALIGN (0x4)
                0x0000000020000270                _ebss = .
                0x0000000020000270                __bss_end__ = _ebss

._user_heap_stack
                0x0000000020000270      0x600 load address 0x0000000008001c2c
                0x0000000020000270                . = ALIGN (0x8)
                0x0000000020000270                PROVIDE (end = .)
                [!provide]                        PROVIDE (_end = .)
                0x0000000020000470                . = (. + _Min_Heap_Size)
 *fill*         0x0000000020000270      0x200 
                0x0000000020000870                . = (. + _Min_Stack_Size)
 *fill*         0x0000000020000470      0x400 
                0x0000000020000870                . = ALIGN (0x8)

/DISCARD/
 libc.a(*)
 libm.a(*)
 libgcc.a(*)

.ARM.attributes
                0x0000000000000000       0x29
 *(.ARM.attributes)
 .ARM.attributes
                0x0000000000000000       0x1d /Users/khoahuynh/Library/xPacks/@gnu-mcu-eclipse/arm-none-eabi-gcc/8.2.1-1.7.1/.content/bin/../lib/gcc/arm-none-eabi/8.2.1/thumb/v7-m/nofp/crti.o
 .ARM.attributes
                0x000000000000001d       0x2d /Users/khoahuynh/Library/xPacks/@gnu-mcu-eclipse/arm-none-eabi-gcc/8.2.1-1.7.1/.content/bin/../lib/gcc/arm-none-eabi/8.2.1/thumb/v7-m/nofp/crtbegin.o
 .ARM.attributes
                0x000000000000004a       0x21 ./startup/startup_stm32f103xb.o
 .ARM.attributes
                0x000000000000006b       0x2d ./Src/DMX_data_stream.o
 .ARM.attributes
                0x0000000000000098       0x2d ./Src/it.o
 .ARM.attributes
                0x00000000000000c5       0x2d ./Src/main.o
 .ARM.attributes
                0x00000000000000f2       0x2d ./Src/msp.o
 .ARM.attributes
                0x000000000000011f       0x2d ./Src/system_stm32f1xx.o
 .ARM.attributes
                0x000000000000014c       0x2d ./Drivers/STM32F1xx_HAL_Driver/Src/stm32f1xx_hal.o
 .ARM.attributes
                0x0000000000000179       0x2d ./Drivers/STM32F1xx_HAL_Driver/Src/stm32f1xx_hal_cortex.o
 .ARM.attributes
                0x00000000000001a6       0x2d ./Drivers/STM32F1xx_HAL_Driver/Src/stm32f1xx_hal_dma.o
 .ARM.attributes
                0x00000000000001d3       0x2d ./Drivers/STM32F1xx_HAL_Driver/Src/stm32f1xx_hal_gpio.o
 .ARM.attributes
                0x0000000000000200       0x2d ./Drivers/STM32F1xx_HAL_Driver/Src/stm32f1xx_hal_rcc.o
 .ARM.attributes
                0x000000000000022d       0x2d ./Drivers/STM32F1xx_HAL_Driver/Src/stm32f1xx_hal_uart.o
 .ARM.attributes
                0x000000000000025a       0x2d /Users/khoahuynh/Library/xPacks/@gnu-mcu-eclipse/arm-none-eabi-gcc/8.2.1-1.7.1/.content/bin/../lib/gcc/arm-none-eabi/8.2.1/../../../../arm-none-eabi/lib/thumb/v7-m/nofp/libg_nano.a(lib_a-init.o)
 .ARM.attributes
                0x0000000000000287       0x2d /Users/khoahuynh/Library/xPacks/@gnu-mcu-eclipse/arm-none-eabi-gcc/8.2.1-1.7.1/.content/bin/../lib/gcc/arm-none-eabi/8.2.1/../../../../arm-none-eabi/lib/thumb/v7-m/nofp/libg_nano.a(lib_a-memset.o)
 .ARM.attributes
                0x00000000000002b4       0x2d /Users/khoahuynh/Library/xPacks/@gnu-mcu-eclipse/arm-none-eabi-gcc/8.2.1-1.7.1/.content/bin/../lib/gcc/arm-none-eabi/8.2.1/thumb/v7-m/nofp/crtend.o
 .ARM.attributes
                0x00000000000002e1       0x1d /Users/khoahuynh/Library/xPacks/@gnu-mcu-eclipse/arm-none-eabi-gcc/8.2.1-1.7.1/.content/bin/../lib/gcc/arm-none-eabi/8.2.1/thumb/v7-m/nofp/crtn.o
OUTPUT(DMX_Pill.elf elf32-littlearm)

.debug_line     0x0000000000000000     0x58ce
 .debug_line    0x0000000000000000       0x7d ./startup/startup_stm32f103xb.o
 .debug_line    0x000000000000007d      0x47c ./Src/DMX_data_stream.o
 .debug_line    0x00000000000004f9      0x465 ./Src/it.o
 .debug_line    0x000000000000095e      0x52c ./Src/main.o
 .debug_line    0x0000000000000e8a      0x476 ./Src/msp.o
 .debug_line    0x0000000000001300      0x2cf ./Src/system_stm32f1xx.o
 .debug_line    0x00000000000015cf      0x700 ./Drivers/STM32F1xx_HAL_Driver/Src/stm32f1xx_hal.o
 .debug_line    0x0000000000001ccf      0x8e2 ./Drivers/STM32F1xx_HAL_Driver/Src/stm32f1xx_hal_cortex.o
 .debug_line    0x00000000000025b1      0xb5e ./Drivers/STM32F1xx_HAL_Driver/Src/stm32f1xx_hal_dma.o
 .debug_line    0x000000000000310f      0x7c1 ./Drivers/STM32F1xx_HAL_Driver/Src/stm32f1xx_hal_gpio.o
 .debug_line    0x00000000000038d0      0xb14 ./Drivers/STM32F1xx_HAL_Driver/Src/stm32f1xx_hal_rcc.o
 .debug_line    0x00000000000043e4     0x14ea ./Drivers/STM32F1xx_HAL_Driver/Src/stm32f1xx_hal_uart.o

.debug_info     0x0000000000000000     0x6097
 .debug_info    0x0000000000000000       0x22 ./startup/startup_stm32f103xb.o
 .debug_info    0x0000000000000022      0x620 ./Src/DMX_data_stream.o
 .debug_info    0x0000000000000642      0x5d6 ./Src/it.o
 .debug_info    0x0000000000000c18      0x94b ./Src/main.o
 .debug_info    0x0000000000001563      0xab8 ./Src/msp.o
 .debug_info    0x000000000000201b      0x3f7 ./Src/system_stm32f1xx.o
 .debug_info    0x0000000000002412      0x72e ./Drivers/STM32F1xx_HAL_Driver/Src/stm32f1xx_hal.o
 .debug_info    0x0000000000002b40      0xbac ./Drivers/STM32F1xx_HAL_Driver/Src/stm32f1xx_hal_cortex.o
 .debug_info    0x00000000000036ec      0x7ee ./Drivers/STM32F1xx_HAL_Driver/Src/stm32f1xx_hal_dma.o
 .debug_info    0x0000000000003eda      0x6b5 ./Drivers/STM32F1xx_HAL_Driver/Src/stm32f1xx_hal_gpio.o
 .debug_info    0x000000000000458f      0x852 ./Drivers/STM32F1xx_HAL_Driver/Src/stm32f1xx_hal_rcc.o
 .debug_info    0x0000000000004de1     0x12b6 ./Drivers/STM32F1xx_HAL_Driver/Src/stm32f1xx_hal_uart.o

.debug_abbrev   0x0000000000000000     0x15d9
 .debug_abbrev  0x0000000000000000       0x12 ./startup/startup_stm32f103xb.o
 .debug_abbrev  0x0000000000000012      0x18c ./Src/DMX_data_stream.o
 .debug_abbrev  0x000000000000019e      0x149 ./Src/it.o
 .debug_abbrev  0x00000000000002e7      0x1e9 ./Src/main.o
 .debug_abbrev  0x00000000000004d0      0x1b5 ./Src/msp.o
 .debug_abbrev  0x0000000000000685      0x14e ./Src/system_stm32f1xx.o
 .debug_abbrev  0x00000000000007d3      0x200 ./Drivers/STM32F1xx_HAL_Driver/Src/stm32f1xx_hal.o
 .debug_abbrev  0x00000000000009d3      0x313 ./Drivers/STM32F1xx_HAL_Driver/Src/stm32f1xx_hal_cortex.o
 .debug_abbrev  0x0000000000000ce6      0x228 ./Drivers/STM32F1xx_HAL_Driver/Src/stm32f1xx_hal_dma.o
 .debug_abbrev  0x0000000000000f0e      0x1e8 ./Drivers/STM32F1xx_HAL_Driver/Src/stm32f1xx_hal_gpio.o
 .debug_abbrev  0x00000000000010f6      0x273 ./Drivers/STM32F1xx_HAL_Driver/Src/stm32f1xx_hal_rcc.o
 .debug_abbrev  0x0000000000001369      0x270 ./Drivers/STM32F1xx_HAL_Driver/Src/stm32f1xx_hal_uart.o

.debug_aranges  0x0000000000000000      0x620
 .debug_aranges
                0x0000000000000000       0x28 ./startup/startup_stm32f103xb.o
 .debug_aranges
                0x0000000000000028       0x28 ./Src/DMX_data_stream.o
 .debug_aranges
                0x0000000000000050       0x28 ./Src/it.o
 .debug_aranges
                0x0000000000000078       0x40 ./Src/main.o
 .debug_aranges
                0x00000000000000b8       0x28 ./Src/msp.o
 .debug_aranges
                0x00000000000000e0       0x28 ./Src/system_stm32f1xx.o
 .debug_aranges
                0x0000000000000108       0xe0 ./Drivers/STM32F1xx_HAL_Driver/Src/stm32f1xx_hal.o
 .debug_aranges
                0x00000000000001e8      0x100 ./Drivers/STM32F1xx_HAL_Driver/Src/stm32f1xx_hal_cortex.o
 .debug_aranges
                0x00000000000002e8       0x80 ./Drivers/STM32F1xx_HAL_Driver/Src/stm32f1xx_hal_dma.o
 .debug_aranges
                0x0000000000000368       0x58 ./Drivers/STM32F1xx_HAL_Driver/Src/stm32f1xx_hal_gpio.o
 .debug_aranges
                0x00000000000003c0       0x90 ./Drivers/STM32F1xx_HAL_Driver/Src/stm32f1xx_hal_rcc.o
 .debug_aranges
                0x0000000000000450      0x1d0 ./Drivers/STM32F1xx_HAL_Driver/Src/stm32f1xx_hal_uart.o

.debug_str      0x0000000000000000    0x65eee
 .debug_str     0x0000000000000000       0x78 ./startup/startup_stm32f103xb.o
 .debug_str     0x0000000000000078    0x644e1 ./Src/DMX_data_stream.o
                                      0x647ff (size before relaxing)
 .debug_str     0x0000000000064559       0x39 ./Src/it.o
                                      0x647ce (size before relaxing)
 .debug_str     0x0000000000064592      0x1e0 ./Src/main.o
                                      0x649ab (size before relaxing)
 .debug_str     0x0000000000064772      0x301 ./Src/msp.o
                                      0x64b80 (size before relaxing)
 .debug_str     0x0000000000064a73       0x8f ./Src/system_stm32f1xx.o
                                      0x53ef9 (size before relaxing)
 .debug_str     0x0000000000064b02      0x3c5 ./Drivers/STM32F1xx_HAL_Driver/Src/stm32f1xx_hal.o
                                      0x64b13 (size before relaxing)
 .debug_str     0x0000000000064ec7      0x2c8 ./Drivers/STM32F1xx_HAL_Driver/Src/stm32f1xx_hal_cortex.o
                                      0x64b21 (size before relaxing)
 .debug_str     0x000000000006518f      0x244 ./Drivers/STM32F1xx_HAL_Driver/Src/stm32f1xx_hal_dma.o
                                      0x64863 (size before relaxing)
 .debug_str     0x00000000000653d3      0x35f ./Drivers/STM32F1xx_HAL_Driver/Src/stm32f1xx_hal_gpio.o
                                      0x64841 (size before relaxing)
 .debug_str     0x0000000000065732      0x287 ./Drivers/STM32F1xx_HAL_Driver/Src/stm32f1xx_hal_rcc.o
                                      0x6487a (size before relaxing)
 .debug_str     0x00000000000659b9      0x535 ./Drivers/STM32F1xx_HAL_Driver/Src/stm32f1xx_hal_uart.o
                                      0x64d69 (size before relaxing)

.debug_ranges   0x0000000000000000      0x568
 .debug_ranges  0x0000000000000000       0x20 ./startup/startup_stm32f103xb.o
 .debug_ranges  0x0000000000000020       0x18 ./Src/DMX_data_stream.o
 .debug_ranges  0x0000000000000038       0x18 ./Src/it.o
 .debug_ranges  0x0000000000000050       0x30 ./Src/main.o
 .debug_ranges  0x0000000000000080       0x18 ./Src/msp.o
 .debug_ranges  0x0000000000000098       0x18 ./Src/system_stm32f1xx.o
 .debug_ranges  0x00000000000000b0       0xd0 ./Drivers/STM32F1xx_HAL_Driver/Src/stm32f1xx_hal.o
 .debug_ranges  0x0000000000000180       0xf0 ./Drivers/STM32F1xx_HAL_Driver/Src/stm32f1xx_hal_cortex.o
 .debug_ranges  0x0000000000000270       0x70 ./Drivers/STM32F1xx_HAL_Driver/Src/stm32f1xx_hal_dma.o
 .debug_ranges  0x00000000000002e0       0x48 ./Drivers/STM32F1xx_HAL_Driver/Src/stm32f1xx_hal_gpio.o
 .debug_ranges  0x0000000000000328       0x80 ./Drivers/STM32F1xx_HAL_Driver/Src/stm32f1xx_hal_rcc.o
 .debug_ranges  0x00000000000003a8      0x1c0 ./Drivers/STM32F1xx_HAL_Driver/Src/stm32f1xx_hal_uart.o

.debug_macro    0x0000000000000000    0x126cb
 .debug_macro   0x0000000000000000      0x159 ./Src/DMX_data_stream.o
 .debug_macro   0x0000000000000159      0xa84 ./Src/DMX_data_stream.o
 .debug_macro   0x0000000000000bdd       0x22 ./Src/DMX_data_stream.o
 .debug_macro   0x0000000000000bff      0x34e ./Src/DMX_data_stream.o
 .debug_macro   0x0000000000000f4d       0x1c ./Src/DMX_data_stream.o
 .debug_macro   0x0000000000000f69       0x22 ./Src/DMX_data_stream.o
 .debug_macro   0x0000000000000f8b       0xc3 ./Src/DMX_data_stream.o
 .debug_macro   0x000000000000104e      0xd23 ./Src/DMX_data_stream.o
 .debug_macro   0x0000000000001d71     0xe09e ./Src/DMX_data_stream.o
 .debug_macro   0x000000000000fe0f      0x215 ./Src/DMX_data_stream.o
 .debug_macro   0x0000000000010024       0x2e ./Src/DMX_data_stream.o
 .debug_macro   0x0000000000010052       0x43 ./Src/DMX_data_stream.o
 .debug_macro   0x0000000000010095      0x174 ./Src/DMX_data_stream.o
 .debug_macro   0x0000000000010209       0x5a ./Src/DMX_data_stream.o
 .debug_macro   0x0000000000010263      0x5be ./Src/DMX_data_stream.o
 .debug_macro   0x0000000000010821      0x289 ./Src/DMX_data_stream.o
 .debug_macro   0x0000000000010aaa      0x1cb ./Src/DMX_data_stream.o
 .debug_macro   0x0000000000010c75      0x114 ./Src/DMX_data_stream.o
 .debug_macro   0x0000000000010d89      0x1b2 ./Src/DMX_data_stream.o
 .debug_macro   0x0000000000010f3b       0x27 ./Src/DMX_data_stream.o
 .debug_macro   0x0000000000010f62      0x136 ./Src/DMX_data_stream.o
 .debug_macro   0x0000000000011098      0x1bc ./Src/DMX_data_stream.o
 .debug_macro   0x0000000000011254       0x34 ./Src/DMX_data_stream.o
 .debug_macro   0x0000000000011288       0x3c ./Src/DMX_data_stream.o
 .debug_macro   0x00000000000112c4       0x57 ./Src/DMX_data_stream.o
 .debug_macro   0x000000000001131b       0x88 ./Src/DMX_data_stream.o
 .debug_macro   0x00000000000113a3      0x241 ./Src/DMX_data_stream.o
 .debug_macro   0x00000000000115e4      0x141 ./Src/DMX_data_stream.o
 .debug_macro   0x0000000000011725      0x26b ./Src/DMX_data_stream.o
 .debug_macro   0x0000000000011990       0x83 ./Src/DMX_data_stream.o
 .debug_macro   0x0000000000011a13      0x159 ./Src/it.o
 .debug_macro   0x0000000000011b6c      0x159 ./Src/main.o
 .debug_macro   0x0000000000011cc5      0x14f ./Src/msp.o
 .debug_macro   0x0000000000011e14       0x8f ./Src/system_stm32f1xx.o
 .debug_macro   0x0000000000011ea3      0x165 ./Drivers/STM32F1xx_HAL_Driver/Src/stm32f1xx_hal.o
 .debug_macro   0x0000000000012008      0x141 ./Drivers/STM32F1xx_HAL_Driver/Src/stm32f1xx_hal_cortex.o
 .debug_macro   0x0000000000012149      0x141 ./Drivers/STM32F1xx_HAL_Driver/Src/stm32f1xx_hal_dma.o
 .debug_macro   0x000000000001228a      0x1ac ./Drivers/STM32F1xx_HAL_Driver/Src/stm32f1xx_hal_gpio.o
 .debug_macro   0x0000000000012436      0x153 ./Drivers/STM32F1xx_HAL_Driver/Src/stm32f1xx_hal_rcc.o
 .debug_macro   0x0000000000012589      0x142 ./Drivers/STM32F1xx_HAL_Driver/Src/stm32f1xx_hal_uart.o

.comment        0x0000000000000000       0x68
 .comment       0x0000000000000000       0x68 ./Src/DMX_data_stream.o
                                         0x69 (size before relaxing)
 .comment       0x0000000000000068       0x69 ./Src/it.o
 .comment       0x0000000000000068       0x69 ./Src/main.o
 .comment       0x0000000000000068       0x69 ./Src/msp.o
 .comment       0x0000000000000068       0x69 ./Src/system_stm32f1xx.o
 .comment       0x0000000000000068       0x69 ./Drivers/STM32F1xx_HAL_Driver/Src/stm32f1xx_hal.o
 .comment       0x0000000000000068       0x69 ./Drivers/STM32F1xx_HAL_Driver/Src/stm32f1xx_hal_cortex.o
 .comment       0x0000000000000068       0x69 ./Drivers/STM32F1xx_HAL_Driver/Src/stm32f1xx_hal_dma.o
 .comment       0x0000000000000068       0x69 ./Drivers/STM32F1xx_HAL_Driver/Src/stm32f1xx_hal_gpio.o
 .comment       0x0000000000000068       0x69 ./Drivers/STM32F1xx_HAL_Driver/Src/stm32f1xx_hal_rcc.o
 .comment       0x0000000000000068       0x69 ./Drivers/STM32F1xx_HAL_Driver/Src/stm32f1xx_hal_uart.o

.debug_frame    0x0000000000000000     0x1744
 .debug_frame   0x0000000000000000       0x58 ./Src/DMX_data_stream.o
 .debug_frame   0x0000000000000058       0x48 ./Src/it.o
 .debug_frame   0x00000000000000a0       0xa8 ./Src/main.o
 .debug_frame   0x0000000000000148       0x58 ./Src/msp.o
 .debug_frame   0x00000000000001a0       0x58 ./Src/system_stm32f1xx.o
 .debug_frame   0x00000000000001f8      0x334 ./Drivers/STM32F1xx_HAL_Driver/Src/stm32f1xx_hal.o
 .debug_frame   0x000000000000052c      0x428 ./Drivers/STM32F1xx_HAL_Driver/Src/stm32f1xx_hal_cortex.o
 .debug_frame   0x0000000000000954      0x208 ./Drivers/STM32F1xx_HAL_Driver/Src/stm32f1xx_hal_dma.o
 .debug_frame   0x0000000000000b5c      0x14c ./Drivers/STM32F1xx_HAL_Driver/Src/stm32f1xx_hal_gpio.o
 .debug_frame   0x0000000000000ca8      0x21c ./Drivers/STM32F1xx_HAL_Driver/Src/stm32f1xx_hal_rcc.o
 .debug_frame   0x0000000000000ec4      0x834 ./Drivers/STM32F1xx_HAL_Driver/Src/stm32f1xx_hal_uart.o
 .debug_frame   0x00000000000016f8       0x2c /Users/khoahuynh/Library/xPacks/@gnu-mcu-eclipse/arm-none-eabi-gcc/8.2.1-1.7.1/.content/bin/../lib/gcc/arm-none-eabi/8.2.1/../../../../arm-none-eabi/lib/thumb/v7-m/nofp/libg_nano.a(lib_a-init.o)
 .debug_frame   0x0000000000001724       0x20 /Users/khoahuynh/Library/xPacks/@gnu-mcu-eclipse/arm-none-eabi-gcc/8.2.1-1.7.1/.content/bin/../lib/gcc/arm-none-eabi/8.2.1/../../../../arm-none-eabi/lib/thumb/v7-m/nofp/libg_nano.a(lib_a-memset.o)
