Archive member included to satisfy reference by file (symbol)

/Users/khoahuynh/Library/xPacks/@gnu-mcu-eclipse/arm-none-eabi-gcc/8.2.1-1.7.1/.content/bin/../lib/gcc/arm-none-eabi/8.2.1/../../../../arm-none-eabi/lib/thumb/v7-m/nofp/libg_nano.a(lib_a-errno.o)
                              ./Src/syscalls.o (__errno)
/Users/khoahuynh/Library/xPacks/@gnu-mcu-eclipse/arm-none-eabi-gcc/8.2.1-1.7.1/.content/bin/../lib/gcc/arm-none-eabi/8.2.1/../../../../arm-none-eabi/lib/thumb/v7-m/nofp/libg_nano.a(lib_a-exit.o)
                              /Users/khoahuynh/Library/xPacks/@gnu-mcu-eclipse/arm-none-eabi-gcc/8.2.1-1.7.1/.content/bin/../lib/gcc/arm-none-eabi/8.2.1/../../../../arm-none-eabi/lib/thumb/v7-m/nofp/crt0.o (exit)
/Users/khoahuynh/Library/xPacks/@gnu-mcu-eclipse/arm-none-eabi-gcc/8.2.1-1.7.1/.content/bin/../lib/gcc/arm-none-eabi/8.2.1/../../../../arm-none-eabi/lib/thumb/v7-m/nofp/libg_nano.a(lib_a-impure.o)
                              /Users/khoahuynh/Library/xPacks/@gnu-mcu-eclipse/arm-none-eabi-gcc/8.2.1-1.7.1/.content/bin/../lib/gcc/arm-none-eabi/8.2.1/../../../../arm-none-eabi/lib/thumb/v7-m/nofp/libg_nano.a(lib_a-exit.o) (_global_impure_ptr)
/Users/khoahuynh/Library/xPacks/@gnu-mcu-eclipse/arm-none-eabi-gcc/8.2.1-1.7.1/.content/bin/../lib/gcc/arm-none-eabi/8.2.1/../../../../arm-none-eabi/lib/thumb/v7-m/nofp/libg_nano.a(lib_a-init.o)
                              /Users/khoahuynh/Library/xPacks/@gnu-mcu-eclipse/arm-none-eabi-gcc/8.2.1-1.7.1/.content/bin/../lib/gcc/arm-none-eabi/8.2.1/../../../../arm-none-eabi/lib/thumb/v7-m/nofp/crt0.o (__libc_init_array)
/Users/khoahuynh/Library/xPacks/@gnu-mcu-eclipse/arm-none-eabi-gcc/8.2.1-1.7.1/.content/bin/../lib/gcc/arm-none-eabi/8.2.1/../../../../arm-none-eabi/lib/thumb/v7-m/nofp/libg_nano.a(lib_a-memset.o)
                              /Users/khoahuynh/Library/xPacks/@gnu-mcu-eclipse/arm-none-eabi-gcc/8.2.1-1.7.1/.content/bin/../lib/gcc/arm-none-eabi/8.2.1/../../../../arm-none-eabi/lib/thumb/v7-m/nofp/crt0.o (memset)

Allocating common symbols
Common symbol       size              file

uwTick              0x4               ./Drivers/STM32F1xx_HAL_Driver/Src/stm32f1xx_hal.o
pFlash              0x20              ./Drivers/STM32F1xx_HAL_Driver/Src/stm32f1xx_hal_flash.o
USART1IO_param      0x10              ./Src/DMX_data_stream.o
DMXIO_state         0x1               ./Src/DMX_data_stream.o

Discarded input sections

 .text          0x0000000000000000        0x0 /Users/khoahuynh/Library/xPacks/@gnu-mcu-eclipse/arm-none-eabi-gcc/8.2.1-1.7.1/.content/bin/../lib/gcc/arm-none-eabi/8.2.1/thumb/v7-m/nofp/crti.o
 .data          0x0000000000000000        0x0 /Users/khoahuynh/Library/xPacks/@gnu-mcu-eclipse/arm-none-eabi-gcc/8.2.1-1.7.1/.content/bin/../lib/gcc/arm-none-eabi/8.2.1/thumb/v7-m/nofp/crti.o
 .bss           0x0000000000000000        0x0 /Users/khoahuynh/Library/xPacks/@gnu-mcu-eclipse/arm-none-eabi-gcc/8.2.1-1.7.1/.content/bin/../lib/gcc/arm-none-eabi/8.2.1/thumb/v7-m/nofp/crti.o
 .text          0x0000000000000000        0x0 /Users/khoahuynh/Library/xPacks/@gnu-mcu-eclipse/arm-none-eabi-gcc/8.2.1-1.7.1/.content/bin/../lib/gcc/arm-none-eabi/8.2.1/thumb/v7-m/nofp/crtbegin.o
 .data          0x0000000000000000        0x0 /Users/khoahuynh/Library/xPacks/@gnu-mcu-eclipse/arm-none-eabi-gcc/8.2.1-1.7.1/.content/bin/../lib/gcc/arm-none-eabi/8.2.1/thumb/v7-m/nofp/crtbegin.o
 .bss           0x0000000000000000        0x0 /Users/khoahuynh/Library/xPacks/@gnu-mcu-eclipse/arm-none-eabi-gcc/8.2.1-1.7.1/.content/bin/../lib/gcc/arm-none-eabi/8.2.1/thumb/v7-m/nofp/crtbegin.o
 .data.__dso_handle
                0x0000000000000000        0x4 /Users/khoahuynh/Library/xPacks/@gnu-mcu-eclipse/arm-none-eabi-gcc/8.2.1-1.7.1/.content/bin/../lib/gcc/arm-none-eabi/8.2.1/thumb/v7-m/nofp/crtbegin.o
 .text          0x0000000000000000       0x74 /Users/khoahuynh/Library/xPacks/@gnu-mcu-eclipse/arm-none-eabi-gcc/8.2.1-1.7.1/.content/bin/../lib/gcc/arm-none-eabi/8.2.1/../../../../arm-none-eabi/lib/thumb/v7-m/nofp/crt0.o
 .data          0x0000000000000000        0x0 /Users/khoahuynh/Library/xPacks/@gnu-mcu-eclipse/arm-none-eabi-gcc/8.2.1-1.7.1/.content/bin/../lib/gcc/arm-none-eabi/8.2.1/../../../../arm-none-eabi/lib/thumb/v7-m/nofp/crt0.o
 .bss           0x0000000000000000        0x0 /Users/khoahuynh/Library/xPacks/@gnu-mcu-eclipse/arm-none-eabi-gcc/8.2.1-1.7.1/.content/bin/../lib/gcc/arm-none-eabi/8.2.1/../../../../arm-none-eabi/lib/thumb/v7-m/nofp/crt0.o
 .ARM.extab     0x0000000000000000        0x0 /Users/khoahuynh/Library/xPacks/@gnu-mcu-eclipse/arm-none-eabi-gcc/8.2.1-1.7.1/.content/bin/../lib/gcc/arm-none-eabi/8.2.1/../../../../arm-none-eabi/lib/thumb/v7-m/nofp/crt0.o
 .ARM.exidx     0x0000000000000000        0x8 /Users/khoahuynh/Library/xPacks/@gnu-mcu-eclipse/arm-none-eabi-gcc/8.2.1-1.7.1/.content/bin/../lib/gcc/arm-none-eabi/8.2.1/../../../../arm-none-eabi/lib/thumb/v7-m/nofp/crt0.o
 .ARM.attributes
[...]
Memory Configuration

Name             Origin             Length             Attributes
RAM              0x0000000020000000 0x0000000000005000 xrw
FLASH            0x0000000008000000 0x0000000000010000 xr
*default*        0x0000000000000000 0xffffffffffffffff

Linker script and memory map

LOAD /Users/khoahuynh/Library/xPacks/@gnu-mcu-eclipse/arm-none-eabi-gcc/8.2.1-1.7.1/.content/bin/../lib/gcc/arm-none-eabi/8.2.1/thumb/v7-m/nofp/crti.o
LOAD /Users/khoahuynh/Library/xPacks/@gnu-mcu-eclipse/arm-none-eabi-gcc/8.2.1-1.7.1/.content/bin/../lib/gcc/arm-none-eabi/8.2.1/thumb/v7-m/nofp/crtbegin.o
LOAD /Users/khoahuynh/Library/xPacks/@gnu-mcu-eclipse/arm-none-eabi-gcc/8.2.1-1.7.1/.content/bin/../lib/gcc/arm-none-eabi/8.2.1/../../../../arm-none-eabi/lib/thumb/v7-m/nofp/crt0.o
LOAD ./startup/startup_stm32f103xb.o
LOAD ./Src/DMX_data_stream.o
LOAD ./Src/Encoder_24B.o
LOAD ./Src/it.o
LOAD ./Src/main.o
LOAD ./Src/msp.o
LOAD ./Src/syscalls.o
LOAD ./Src/system_stm32f1xx.o
LOAD ./Drivers/STM32F1xx_HAL_Driver/Src/stm32f1xx_hal.o
LOAD ./Drivers/STM32F1xx_HAL_Driver/Src/stm32f1xx_hal_cortex.o
LOAD ./Drivers/STM32F1xx_HAL_Driver/Src/stm32f1xx_hal_dma.o
LOAD ./Drivers/STM32F1xx_HAL_Driver/Src/stm32f1xx_hal_exti.o
LOAD ./Drivers/STM32F1xx_HAL_Driver/Src/stm32f1xx_hal_flash.o
LOAD ./Drivers/STM32F1xx_HAL_Driver/Src/stm32f1xx_hal_flash_ex.o
LOAD ./Drivers/STM32F1xx_HAL_Driver/Src/stm32f1xx_hal_gpio.o
LOAD ./Drivers/STM32F1xx_HAL_Driver/Src/stm32f1xx_hal_gpio_ex.o
LOAD ./Drivers/STM32F1xx_HAL_Driver/Src/stm32f1xx_hal_pwr.o
LOAD ./Drivers/STM32F1xx_HAL_Driver/Src/stm32f1xx_hal_rcc.o
LOAD ./Drivers/STM32F1xx_HAL_Driver/Src/stm32f1xx_hal_rcc_ex.o
LOAD ./Drivers/STM32F1xx_HAL_Driver/Src/stm32f1xx_hal_tim.o
LOAD ./Drivers/STM32F1xx_HAL_Driver/Src/stm32f1xx_hal_tim_ex.o
LOAD ./Drivers/STM32F1xx_HAL_Driver/Src/stm32f1xx_hal_uart.o
LOAD /Users/khoahuynh/Library/xPacks/@gnu-mcu-eclipse/arm-none-eabi-gcc/8.2.1-1.7.1/.content/bin/../lib/gcc/arm-none-eabi/8.2.1/../../../../arm-none-eabi/lib/thumb/v7-m/nofp/libstdc++_nano.a
LOAD /Users/khoahuynh/Library/xPacks/@gnu-mcu-eclipse/arm-none-eabi-gcc/8.2.1-1.7.1/.content/bin/../lib/gcc/arm-none-eabi/8.2.1/../../../../arm-none-eabi/lib/thumb/v7-m/nofp/libm.a
START GROUP
LOAD /Users/khoahuynh/Library/xPacks/@gnu-mcu-eclipse/arm-none-eabi-gcc/8.2.1-1.7.1/.content/bin/../lib/gcc/arm-none-eabi/8.2.1/thumb/v7-m/nofp/libgcc.a
LOAD /Users/khoahuynh/Library/xPacks/@gnu-mcu-eclipse/arm-none-eabi-gcc/8.2.1-1.7.1/.content/bin/../lib/gcc/arm-none-eabi/8.2.1/../../../../arm-none-eabi/lib/thumb/v7-m/nofp/libg_nano.a
LOAD /Users/khoahuynh/Library/xPacks/@gnu-mcu-eclipse/arm-none-eabi-gcc/8.2.1-1.7.1/.content/bin/../lib/gcc/arm-none-eabi/8.2.1/../../../../arm-none-eabi/lib/thumb/v7-m/nofp/libc_nano.a
END GROUP
START GROUP
LOAD /Users/khoahuynh/Library/xPacks/@gnu-mcu-eclipse/arm-none-eabi-gcc/8.2.1-1.7.1/.content/bin/../lib/gcc/arm-none-eabi/8.2.1/thumb/v7-m/nofp/libgcc.a
LOAD /Users/khoahuynh/Library/xPacks/@gnu-mcu-eclipse/arm-none-eabi-gcc/8.2.1-1.7.1/.content/bin/../lib/gcc/arm-none-eabi/8.2.1/../../../../arm-none-eabi/lib/thumb/v7-m/nofp/libc_nano.a
END GROUP
LOAD /Users/khoahuynh/Library/xPacks/@gnu-mcu-eclipse/arm-none-eabi-gcc/8.2.1-1.7.1/.content/bin/../lib/gcc/arm-none-eabi/8.2.1/thumb/v7-m/nofp/crtend.o
LOAD /Users/khoahuynh/Library/xPacks/@gnu-mcu-eclipse/arm-none-eabi-gcc/8.2.1-1.7.1/.content/bin/../lib/gcc/arm-none-eabi/8.2.1/thumb/v7-m/nofp/crtn.o
                0x0000000020005000                _estack = 0x20005000
                0x0000000000000200                _Min_Heap_Size = 0x200
                0x0000000000000400                _Min_Stack_Size = 0x400

.isr_vector     0x0000000008000000      0x10c
                0x0000000008000000                . = ALIGN (0x4)
 *(.isr_vector)
 .isr_vector    0x0000000008000000      0x10c ./startup/startup_stm32f103xb.o
                0x0000000008000000                g_pfnVectors
                0x000000000800010c                . = ALIGN (0x4)

.text           0x000000000800010c     0x2194
                0x000000000800010c                . = ALIGN (0x4)
 *(.text)
 *(.text*)
 .text.deregister_tm_clones
                0x000000000800010c       0x1c /Users/khoahuynh/Library/xPacks/@gnu-mcu-eclipse/arm-none-eabi-gcc/8.2.1-1.7.1/.content/bin/../lib/gcc/arm-none-eabi/8.2.1/thumb/v7-m/nofp/crtbegin.o
 .text.register_tm_clones
                0x0000000008000128       0x24 /Users/khoahuynh/Library/xPacks/@gnu-mcu-eclipse/arm-none-eabi-gcc/8.2.1-1.7.1/.content/bin/../lib/gcc/arm-none-eabi/8.2.1/thumb/v7-m/nofp/crtbegin.o
 .text.__do_global_dtors_aux
                0x000000000800014c       0x28 /Users/khoahuynh/Library/xPacks/@gnu-mcu-eclipse/arm-none-eabi-gcc/8.2.1-1.7.1/.content/bin/../lib/gcc/arm-none-eabi/8.2.1/thumb/v7-m/nofp/crtbegin.o
 .text.frame_dummy
                0x0000000008000174       0x24 /Users/khoahuynh/Library/xPacks/@gnu-mcu-eclipse/arm-none-eabi-gcc/8.2.1-1.7.1/.content/bin/../lib/gcc/arm-none-eabi/8.2.1/thumb/v7-m/nofp/crtbegin.o
 .text.Reset_Handler
                0x0000000008000198       0x48 ./startup/startup_stm32f103xb.o
                0x0000000008000198                Reset_Handler
 .text.Default_Handler
                0x00000000080001e0        0x2 ./startup/startup_stm32f103xb.o
                0x00000000080001e0                USBWakeUp_IRQHandler
                0x00000000080001e0                EXTI2_IRQHandler
                0x00000000080001e0                DebugMon_Handler
                0x00000000080001e0                TIM1_CC_IRQHandler
                0x00000000080001e0                HardFault_Handler
                0x00000000080001e0                PVD_IRQHandler
                0x00000000080001e0                PendSV_Handler
                0x00000000080001e0                NMI_Handler
                0x00000000080001e0                EXTI3_IRQHandler
                0x00000000080001e0                EXTI0_IRQHandler
                0x00000000080001e0                I2C2_EV_IRQHandler
                0x00000000080001e0                UsageFault_Handler
                0x00000000080001e0                ADC1_2_IRQHandler
                0x00000000080001e0                SPI1_IRQHandler
                0x00000000080001e0                TAMPER_IRQHandler
                0x00000000080001e0                DMA1_Channel4_IRQHandler
                0x00000000080001e0                USART3_IRQHandler
                0x00000000080001e0                RTC_IRQHandler
                0x00000000080001e0                DMA1_Channel7_IRQHandler
                0x00000000080001e0                CAN1_RX1_IRQHandler
                0x00000000080001e0                I2C1_EV_IRQHandler
                0x00000000080001e0                DMA1_Channel6_IRQHandler
                0x00000000080001e0                TIM3_IRQHandler
                0x00000000080001e0                RCC_IRQHandler
                0x00000000080001e0                TIM1_TRG_COM_IRQHandler
                0x00000000080001e0                DMA1_Channel1_IRQHandler
                0x00000000080001e0                Default_Handler
                0x00000000080001e0                EXTI15_10_IRQHandler
                0x00000000080001e0                EXTI9_5_IRQHandler
                0x00000000080001e0                SPI2_IRQHandler
                0x00000000080001e0                MemManage_Handler
                0x00000000080001e0                SVC_Handler
                0x00000000080001e0                DMA1_Channel5_IRQHandler
                0x00000000080001e0                EXTI4_IRQHandler
                0x00000000080001e0                USB_LP_CAN1_RX0_IRQHandler
                0x00000000080001e0                USB_HP_CAN1_TX_IRQHandler
                0x00000000080001e0                DMA1_Channel3_IRQHandler
                0x00000000080001e0                TIM1_UP_IRQHandler
                0x00000000080001e0                WWDG_IRQHandler
                0x00000000080001e0                TIM2_IRQHandler
                0x00000000080001e0                TIM1_BRK_IRQHandler
                0x00000000080001e0                EXTI1_IRQHandler
                0x00000000080001e0                USART2_IRQHandler
                0x00000000080001e0                I2C2_ER_IRQHandler
                0x00000000080001e0                DMA1_Channel2_IRQHandler
                0x00000000080001e0                CAN1_SCE_IRQHandler
                0x00000000080001e0                FLASH_IRQHandler
                0x00000000080001e0                BusFault_Handler
                0x00000000080001e0                I2C1_ER_IRQHandler
                0x00000000080001e0                RTC_Alarm_IRQHandler
 .text.DMX_Write
                0x00000000080001e2       0x24 ./Src/DMX_data_stream.o
                0x00000000080001e2                DMX_Write
 *fill*         0x0000000008000206        0x2 
 .text.IBM_Start
                0x0000000008000208       0xb4 ./Src/DMX_data_stream.o
                0x0000000008000208                IBM_Start
 .text.DMX_Start
                0x00000000080002bc       0xa8 ./Src/DMX_data_stream.o
                0x00000000080002bc                DMX_Start
 .text.SysTick_Handler
                0x0000000008000364       0x10 ./Src/it.o
                0x0000000008000364                SysTick_Handler
 .text.USART1_IRQHandler
                0x0000000008000374       0x14 ./Src/it.o
                0x0000000008000374                USART1_IRQHandler
 .text.TIM4_IRQHandler
                0x0000000008000388       0x14 ./Src/it.o
                0x0000000008000388                TIM4_IRQHandler
 .text.main     0x000000000800039c       0x28 ./Src/main.o
                0x000000000800039c                main
 .text.Error_Handler
                0x00000000080003c4        0x6 ./Src/main.o
                0x00000000080003c4                Error_Handler
 *fill*         0x00000000080003ca        0x2 
 .text.SYSCLK_Init
                0x00000000080003cc       0xa4 ./Src/main.o
                0x00000000080003cc                SYSCLK_Init
 .text.GPIO_Init
                0x0000000008000470       0x74 ./Src/main.o
                0x0000000008000470                GPIO_Init
 .text.UART_Init
                0x00000000080004e4       0x58 ./Src/main.o
                0x00000000080004e4                UART_Init
 .text.TIM_Init
                0x000000000800053c       0x3c ./Src/main.o
                0x000000000800053c                TIM_Init
 .text.HAL_TIM_PeriodElapsedCallback
                0x0000000008000578       0x1c ./Src/main.o
                0x0000000008000578                HAL_TIM_PeriodElapsedCallback
 .text.HAL_UART_TxCpltCallback
                0x0000000008000594       0x1c ./Src/main.o
                0x0000000008000594                HAL_UART_TxCpltCallback
 .text.DMX_Init
                0x00000000080005b0       0x3c ./Src/main.o
                0x00000000080005b0                DMX_Init
 .text.HAL_MspInit
                0x00000000080005ec       0x64 ./Src/msp.o
                0x00000000080005ec                HAL_MspInit
 .text.HAL_UART_MspInit
                0x0000000008000650       0xa0 ./Src/msp.o
                0x0000000008000650                HAL_UART_MspInit
 .text.HAL_TIM_Base_MspInit
                0x00000000080006f0       0x3c ./Src/msp.o
                0x00000000080006f0                HAL_TIM_Base_MspInit
 .text.SystemInit
                0x000000000800072c       0x68 ./Src/system_stm32f1xx.o
                0x000000000800072c                SystemInit
 .text.HAL_Init
                0x0000000008000794       0x2c ./Drivers/STM32F1xx_HAL_Driver/Src/stm32f1xx_hal.o
                0x0000000008000794                HAL_Init
 .text.HAL_InitTick
                0x00000000080007c0       0x60 ./Drivers/STM32F1xx_HAL_Driver/Src/stm32f1xx_hal.o
                0x00000000080007c0                HAL_InitTick
 .text.HAL_IncTick
                0x0000000008000820       0x24 ./Drivers/STM32F1xx_HAL_Driver/Src/stm32f1xx_hal.o
                0x0000000008000820                HAL_IncTick
 .text.HAL_GetTick
                0x0000000008000844       0x14 ./Drivers/STM32F1xx_HAL_Driver/Src/stm32f1xx_hal.o
                0x0000000008000844                HAL_GetTick
 .text.__NVIC_SetPriorityGrouping
                0x0000000008000858       0x48 ./Drivers/STM32F1xx_HAL_Driver/Src/stm32f1xx_hal_cortex.o
 .text.__NVIC_GetPriorityGrouping
                0x00000000080008a0       0x1c ./Drivers/STM32F1xx_HAL_Driver/Src/stm32f1xx_hal_cortex.o
 .text.__NVIC_EnableIRQ
                0x00000000080008bc       0x38 ./Drivers/STM32F1xx_HAL_Driver/Src/stm32f1xx_hal_cortex.o
 .text.__NVIC_SetPriority
                0x00000000080008f4       0x54 ./Drivers/STM32F1xx_HAL_Driver/Src/stm32f1xx_hal_cortex.o
 .text.NVIC_EncodePriority
                0x0000000008000948       0x64 ./Drivers/STM32F1xx_HAL_Driver/Src/stm32f1xx_hal_cortex.o
 .text.SysTick_Config
                0x00000000080009ac       0x44 ./Drivers/STM32F1xx_HAL_Driver/Src/stm32f1xx_hal_cortex.o
 .text.HAL_NVIC_SetPriorityGrouping
                0x00000000080009f0       0x16 ./Drivers/STM32F1xx_HAL_Driver/Src/stm32f1xx_hal_cortex.o
                0x00000000080009f0                HAL_NVIC_SetPriorityGrouping
 .text.HAL_NVIC_SetPriority
                0x0000000008000a06       0x38 ./Drivers/STM32F1xx_HAL_Driver/Src/stm32f1xx_hal_cortex.o
                0x0000000008000a06                HAL_NVIC_SetPriority
 .text.HAL_NVIC_EnableIRQ
                0x0000000008000a3e       0x1c ./Drivers/STM32F1xx_HAL_Driver/Src/stm32f1xx_hal_cortex.o
                0x0000000008000a3e                HAL_NVIC_EnableIRQ
 .text.HAL_SYSTICK_Config
                0x0000000008000a5a       0x18 ./Drivers/STM32F1xx_HAL_Driver/Src/stm32f1xx_hal_cortex.o
                0x0000000008000a5a                HAL_SYSTICK_Config
 *fill*         0x0000000008000a72        0x2 
 .text.HAL_SYSTICK_CLKSourceConfig
                0x0000000008000a74       0x38 ./Drivers/STM32F1xx_HAL_Driver/Src/stm32f1xx_hal_cortex.o
                0x0000000008000a74                HAL_SYSTICK_CLKSourceConfig
 .text.HAL_SYSTICK_IRQHandler
                0x0000000008000aac        0xc ./Drivers/STM32F1xx_HAL_Driver/Src/stm32f1xx_hal_cortex.o
                0x0000000008000aac                HAL_SYSTICK_IRQHandler
 .text.HAL_SYSTICK_Callback
                0x0000000008000ab8        0xc ./Drivers/STM32F1xx_HAL_Driver/Src/stm32f1xx_hal_cortex.o
                0x0000000008000ab8                HAL_SYSTICK_Callback
 .text.HAL_DMA_Abort_IT
                0x0000000008000ac4       0xec ./Drivers/STM32F1xx_HAL_Driver/Src/stm32f1xx_hal_dma.o
                0x0000000008000ac4                HAL_DMA_Abort_IT
 .text.HAL_GPIO_Init
                0x0000000008000bb0      0x2b4 ./Drivers/STM32F1xx_HAL_Driver/Src/stm32f1xx_hal_gpio.o
                0x0000000008000bb0                HAL_GPIO_Init
 .text.HAL_GPIO_WritePin
                0x0000000008000e64       0x30 ./Drivers/STM32F1xx_HAL_Driver/Src/stm32f1xx_hal_gpio.o
                0x0000000008000e64                HAL_GPIO_WritePin
 .text.HAL_RCC_OscConfig
                0x0000000008000e94      0x500 ./Drivers/STM32F1xx_HAL_Driver/Src/stm32f1xx_hal_rcc.o
                0x0000000008000e94                HAL_RCC_OscConfig
 .text.HAL_RCC_ClockConfig
                0x0000000008001394      0x1d4 ./Drivers/STM32F1xx_HAL_Driver/Src/stm32f1xx_hal_rcc.o
                0x0000000008001394                HAL_RCC_ClockConfig
 .text.HAL_RCC_GetSysClockFreq
                0x0000000008001568       0xc4 ./Drivers/STM32F1xx_HAL_Driver/Src/stm32f1xx_hal_rcc.o
                0x0000000008001568                HAL_RCC_GetSysClockFreq
 .text.HAL_RCC_GetHCLKFreq
                0x000000000800162c       0x14 ./Drivers/STM32F1xx_HAL_Driver/Src/stm32f1xx_hal_rcc.o
                0x000000000800162c                HAL_RCC_GetHCLKFreq
 .text.HAL_RCC_GetPCLK1Freq
                0x0000000008001640       0x28 ./Drivers/STM32F1xx_HAL_Driver/Src/stm32f1xx_hal_rcc.o
                0x0000000008001640                HAL_RCC_GetPCLK1Freq
 .text.HAL_RCC_GetPCLK2Freq
                0x0000000008001668       0x28 ./Drivers/STM32F1xx_HAL_Driver/Src/stm32f1xx_hal_rcc.o
                0x0000000008001668                HAL_RCC_GetPCLK2Freq
 .text.RCC_Delay
                0x0000000008001690       0x3c ./Drivers/STM32F1xx_HAL_Driver/Src/stm32f1xx_hal_rcc.o
 .text.HAL_TIM_Base_Init
                0x00000000080016cc       0x56 ./Drivers/STM32F1xx_HAL_Driver/Src/stm32f1xx_hal_tim.o
                0x00000000080016cc                HAL_TIM_Base_Init
 .text.HAL_TIM_Base_Start_IT
                0x0000000008001722       0x46 ./Drivers/STM32F1xx_HAL_Driver/Src/stm32f1xx_hal_tim.o
                0x0000000008001722                HAL_TIM_Base_Start_IT
 .text.HAL_TIM_Base_Stop_IT
                0x0000000008001768       0x54 ./Drivers/STM32F1xx_HAL_Driver/Src/stm32f1xx_hal_tim.o
                0x0000000008001768                HAL_TIM_Base_Stop_IT
 .text.HAL_TIM_IRQHandler
                0x00000000080017bc      0x210 ./Drivers/STM32F1xx_HAL_Driver/Src/stm32f1xx_hal_tim.o
                0x00000000080017bc                HAL_TIM_IRQHandler
 .text.HAL_TIM_OC_DelayElapsedCallback
                0x00000000080019cc       0x12 ./Drivers/STM32F1xx_HAL_Driver/Src/stm32f1xx_hal_tim.o
                0x00000000080019cc                HAL_TIM_OC_DelayElapsedCallback
 .text.HAL_TIM_IC_CaptureCallback
                0x00000000080019de       0x12 ./Drivers/STM32F1xx_HAL_Driver/Src/stm32f1xx_hal_tim.o
                0x00000000080019de                HAL_TIM_IC_CaptureCallback
 .text.HAL_TIM_PWM_PulseFinishedCallback
                0x00000000080019f0       0x12 ./Drivers/STM32F1xx_HAL_Driver/Src/stm32f1xx_hal_tim.o
                0x00000000080019f0                HAL_TIM_PWM_PulseFinishedCallback
 .text.HAL_TIM_TriggerCallback
                0x0000000008001a02       0x12 ./Drivers/STM32F1xx_HAL_Driver/Src/stm32f1xx_hal_tim.o
                0x0000000008001a02                HAL_TIM_TriggerCallback
 .text.TIM_Base_SetConfig
                0x0000000008001a14       0xc4 ./Drivers/STM32F1xx_HAL_Driver/Src/stm32f1xx_hal_tim.o
                0x0000000008001a14                TIM_Base_SetConfig
 .text.HAL_TIMEx_CommutCallback
                0x0000000008001ad8       0x12 ./Drivers/STM32F1xx_HAL_Driver/Src/stm32f1xx_hal_tim_ex.o
                0x0000000008001ad8                HAL_TIMEx_CommutCallback
 .text.HAL_TIMEx_BreakCallback
                0x0000000008001aea       0x12 ./Drivers/STM32F1xx_HAL_Driver/Src/stm32f1xx_hal_tim_ex.o
                0x0000000008001aea                HAL_TIMEx_BreakCallback
 .text.HAL_UART_Init
                0x0000000008001afc       0x9a ./Drivers/STM32F1xx_HAL_Driver/Src/stm32f1xx_hal_uart.o
                0x0000000008001afc                HAL_UART_Init
 .text.HAL_UART_Transmit_IT
                0x0000000008001b96       0x88 ./Drivers/STM32F1xx_HAL_Driver/Src/stm32f1xx_hal_uart.o
                0x0000000008001b96                HAL_UART_Transmit_IT
 *fill*         0x0000000008001c1e        0x2 
 .text.HAL_UART_IRQHandler
                0x0000000008001c20      0x1f8 ./Drivers/STM32F1xx_HAL_Driver/Src/stm32f1xx_hal_uart.o
                0x0000000008001c20                HAL_UART_IRQHandler
 .text.HAL_UART_RxCpltCallback
                0x0000000008001e18       0x12 ./Drivers/STM32F1xx_HAL_Driver/Src/stm32f1xx_hal_uart.o
                0x0000000008001e18                HAL_UART_RxCpltCallback
 .text.HAL_UART_ErrorCallback
                0x0000000008001e2a       0x12 ./Drivers/STM32F1xx_HAL_Driver/Src/stm32f1xx_hal_uart.o
                0x0000000008001e2a                HAL_UART_ErrorCallback
 .text.UART_EndRxTransfer
                0x0000000008001e3c       0x3a ./Drivers/STM32F1xx_HAL_Driver/Src/stm32f1xx_hal_uart.o
 .text.UART_DMAAbortOnError
                0x0000000008001e76       0x28 ./Drivers/STM32F1xx_HAL_Driver/Src/stm32f1xx_hal_uart.o
 .text.UART_Transmit_IT
                0x0000000008001e9e       0xaa ./Drivers/STM32F1xx_HAL_Driver/Src/stm32f1xx_hal_uart.o
 .text.UART_EndTransmit_IT
                0x0000000008001f48       0x30 ./Drivers/STM32F1xx_HAL_Driver/Src/stm32f1xx_hal_uart.o
 .text.UART_Receive_IT
                0x0000000008001f78      0x102 ./Drivers/STM32F1xx_HAL_Driver/Src/stm32f1xx_hal_uart.o
 *fill*         0x000000000800207a        0x2 
 .text.UART_SetConfig
                0x000000000800207c      0x1b4 ./Drivers/STM32F1xx_HAL_Driver/Src/stm32f1xx_hal_uart.o
 .text.__libc_init_array
                0x0000000008002230       0x48 /Users/khoahuynh/Library/xPacks/@gnu-mcu-eclipse/arm-none-eabi-gcc/8.2.1-1.7.1/.content/bin/../lib/gcc/arm-none-eabi/8.2.1/../../../../arm-none-eabi/lib/thumb/v7-m/nofp/libg_nano.a(lib_a-init.o)
                0x0000000008002230                __libc_init_array
 .text.memset   0x0000000008002278       0x10 /Users/khoahuynh/Library/xPacks/@gnu-mcu-eclipse/arm-none-eabi-gcc/8.2.1-1.7.1/.content/bin/../lib/gcc/arm-none-eabi/8.2.1/../../../../arm-none-eabi/lib/thumb/v7-m/nofp/libg_nano.a(lib_a-memset.o)
                0x0000000008002278                memset
 *(.glue_7)
 .glue_7        0x0000000008002288        0x0 linker stubs
 *(.glue_7t)
 .glue_7t       0x0000000008002288        0x0 linker stubs
 *(.eh_frame)
 .eh_frame      0x0000000008002288        0x0 /Users/khoahuynh/Library/xPacks/@gnu-mcu-eclipse/arm-none-eabi-gcc/8.2.1-1.7.1/.content/bin/../lib/gcc/arm-none-eabi/8.2.1/thumb/v7-m/nofp/crtbegin.o
 *(.init)
 .init          0x0000000008002288        0x4 /Users/khoahuynh/Library/xPacks/@gnu-mcu-eclipse/arm-none-eabi-gcc/8.2.1-1.7.1/.content/bin/../lib/gcc/arm-none-eabi/8.2.1/thumb/v7-m/nofp/crti.o
                0x0000000008002288                _init
 .init          0x000000000800228c        0x8 /Users/khoahuynh/Library/xPacks/@gnu-mcu-eclipse/arm-none-eabi-gcc/8.2.1-1.7.1/.content/bin/../lib/gcc/arm-none-eabi/8.2.1/thumb/v7-m/nofp/crtn.o
 *(.fini)
 .fini          0x0000000008002294        0x4 /Users/khoahuynh/Library/xPacks/@gnu-mcu-eclipse/arm-none-eabi-gcc/8.2.1-1.7.1/.content/bin/../lib/gcc/arm-none-eabi/8.2.1/thumb/v7-m/nofp/crti.o
                0x0000000008002294                _fini
 .fini          0x0000000008002298        0x8 /Users/khoahuynh/Library/xPacks/@gnu-mcu-eclipse/arm-none-eabi-gcc/8.2.1-1.7.1/.content/bin/../lib/gcc/arm-none-eabi/8.2.1/thumb/v7-m/nofp/crtn.o
                0x00000000080022a0                . = ALIGN (0x4)
                0x00000000080022a0                _etext = .

.vfp11_veneer   0x00000000080022a0        0x0
 .vfp11_veneer  0x00000000080022a0        0x0 linker stubs

.v4_bx          0x00000000080022a0        0x0
 .v4_bx         0x00000000080022a0        0x0 linker stubs

.iplt           0x00000000080022a0        0x0
 .iplt          0x00000000080022a0        0x0 /Users/khoahuynh/Library/xPacks/@gnu-mcu-eclipse/arm-none-eabi-gcc/8.2.1-1.7.1/.content/bin/../lib/gcc/arm-none-eabi/8.2.1/thumb/v7-m/nofp/crtbegin.o

.rodata         0x00000000080022a0       0x2c
                0x00000000080022a0                . = ALIGN (0x4)
 *(.rodata)
 .rodata        0x00000000080022a0       0x12 ./Drivers/STM32F1xx_HAL_Driver/Src/stm32f1xx_hal_rcc.o
 *(.rodata*)
 *fill*         0x00000000080022b2        0x2 
 .rodata.AHBPrescTable
                0x00000000080022b4       0x10 ./Src/system_stm32f1xx.o
                0x00000000080022b4                AHBPrescTable
 .rodata.APBPrescTable
                0x00000000080022c4        0x8 ./Src/system_stm32f1xx.o
                0x00000000080022c4                APBPrescTable
                0x00000000080022cc                . = ALIGN (0x4)

.rel.dyn        0x00000000080022cc        0x0
 .rel.iplt      0x00000000080022cc        0x0 /Users/khoahuynh/Library/xPacks/@gnu-mcu-eclipse/arm-none-eabi-gcc/8.2.1-1.7.1/.content/bin/../lib/gcc/arm-none-eabi/8.2.1/thumb/v7-m/nofp/crtbegin.o

.ARM.extab
 *(.ARM.extab* .gnu.linkonce.armextab.*)

.ARM            0x00000000080022cc        0x0
                0x00000000080022cc                __exidx_start = .
 *(.ARM.exidx*)
                0x00000000080022cc                __exidx_end = .

.preinit_array  0x00000000080022cc        0x0
                0x00000000080022cc                PROVIDE (__preinit_array_start = .)
 *(.preinit_array*)
                0x00000000080022cc                PROVIDE (__preinit_array_end = .)

.init_array     0x00000000080022cc        0x4
                0x00000000080022cc                PROVIDE (__init_array_start = .)
 *(SORT_BY_NAME(.init_array.*))
 *(.init_array*)
 .init_array    0x00000000080022cc        0x4 /Users/khoahuynh/Library/xPacks/@gnu-mcu-eclipse/arm-none-eabi-gcc/8.2.1-1.7.1/.content/bin/../lib/gcc/arm-none-eabi/8.2.1/thumb/v7-m/nofp/crtbegin.o
                0x00000000080022d0                PROVIDE (__init_array_end = .)

.fini_array     0x00000000080022d0        0x4
                [!provide]                        PROVIDE (__fini_array_start = .)
 *(SORT_BY_NAME(.fini_array.*))
 *(.fini_array*)
 .fini_array    0x00000000080022d0        0x4 /Users/khoahuynh/Library/xPacks/@gnu-mcu-eclipse/arm-none-eabi-gcc/8.2.1-1.7.1/.content/bin/../lib/gcc/arm-none-eabi/8.2.1/thumb/v7-m/nofp/crtbegin.o
                [!provide]                        PROVIDE (__fini_array_end = .)
                0x00000000080022d4                _sidata = LOADADDR (.data)

.data           0x0000000020000000        0xc load address 0x00000000080022d4
                0x0000000020000000                . = ALIGN (0x4)
                0x0000000020000000                _sdata = .
 *(.data)
 *(.data*)
 .data.SystemCoreClock
                0x0000000020000000        0x4 ./Src/system_stm32f1xx.o
                0x0000000020000000                SystemCoreClock
 .data.uwTickPrio
                0x0000000020000004        0x4 ./Drivers/STM32F1xx_HAL_Driver/Src/stm32f1xx_hal.o
                0x0000000020000004                uwTickPrio
 .data.uwTickFreq
                0x0000000020000008        0x1 ./Drivers/STM32F1xx_HAL_Driver/Src/stm32f1xx_hal.o
                0x0000000020000008                uwTickFreq
                0x000000002000000c                . = ALIGN (0x4)
 *fill*         0x0000000020000009        0x3 
                0x000000002000000c                _edata = .

.tm_clone_table
                0x000000002000000c        0x0 load address 0x00000000080022e0
 .tm_clone_table
                0x000000002000000c        0x0 /Users/khoahuynh/Library/xPacks/@gnu-mcu-eclipse/arm-none-eabi-gcc/8.2.1-1.7.1/.content/bin/../lib/gcc/arm-none-eabi/8.2.1/thumb/v7-m/nofp/crtbegin.o
 .tm_clone_table
                0x000000002000000c        0x0 /Users/khoahuynh/Library/xPacks/@gnu-mcu-eclipse/arm-none-eabi-gcc/8.2.1-1.7.1/.content/bin/../lib/gcc/arm-none-eabi/8.2.1/thumb/v7-m/nofp/crtend.o

.igot.plt       0x000000002000000c        0x0 load address 0x00000000080022e0
 .igot.plt      0x000000002000000c        0x0 /Users/khoahuynh/Library/xPacks/@gnu-mcu-eclipse/arm-none-eabi-gcc/8.2.1-1.7.1/.content/bin/../lib/gcc/arm-none-eabi/8.2.1/thumb/v7-m/nofp/crtbegin.o
                0x000000002000000c                . = ALIGN (0x4)

.bss            0x000000002000000c      0x2c8 load address 0x00000000080022e0
                0x000000002000000c                _sbss = .
                0x000000002000000c                __bss_start__ = _sbss
 *(.bss)
 *(.bss*)
 .bss.completed.6707
                0x000000002000000c        0x1 /Users/khoahuynh/Library/xPacks/@gnu-mcu-eclipse/arm-none-eabi-gcc/8.2.1-1.7.1/.content/bin/../lib/gcc/arm-none-eabi/8.2.1/thumb/v7-m/nofp/crtbegin.o
 *fill*         0x000000002000000d        0x3 
 .bss.object.6712
                0x0000000020000010       0x18 /Users/khoahuynh/Library/xPacks/@gnu-mcu-eclipse/arm-none-eabi-gcc/8.2.1-1.7.1/.content/bin/../lib/gcc/arm-none-eabi/8.2.1/thumb/v7-m/nofp/crtbegin.o
 .bss.IBM       0x0000000020000028        0x1 ./Src/DMX_data_stream.o
                0x0000000020000028                IBM
 .bss.IBM_done  0x0000000020000029        0x1 ./Src/DMX_data_stream.o
                0x0000000020000029                IBM_done
 *fill*         0x000000002000002a        0x2 
 .bss.huart1    0x000000002000002c       0x40 ./Src/main.o
                0x000000002000002c                huart1
 .bss.htim4     0x000000002000006c       0x40 ./Src/main.o
                0x000000002000006c                htim4
 .bss.hDMX      0x00000000200000ac      0x210 ./Src/main.o
                0x00000000200000ac                hDMX
 *(COMMON)
 COMMON         0x00000000200002bc       0x11 ./Src/DMX_data_stream.o
                0x00000000200002bc                USART1IO_param
                0x00000000200002cc                DMXIO_state
 *fill*         0x00000000200002cd        0x3 
 COMMON         0x00000000200002d0        0x4 ./Drivers/STM32F1xx_HAL_Driver/Src/stm32f1xx_hal.o
                0x00000000200002d0                uwTick
                0x00000000200002d4                . = ALIGN (0x4)
                0x00000000200002d4                _ebss = .
                0x00000000200002d4                __bss_end__ = _ebss

._user_heap_stack
                0x00000000200002d4      0x604 load address 0x00000000080022e0
                0x00000000200002d8                . = ALIGN (0x8)
 *fill*         0x00000000200002d4        0x4 
                0x00000000200002d8                PROVIDE (end = .)
                [!provide]                        PROVIDE (_end = .)
                0x00000000200004d8                . = (. + _Min_Heap_Size)
 *fill*         0x00000000200002d8      0x200 
                0x00000000200008d8                . = (. + _Min_Stack_Size)
 *fill*         0x00000000200004d8      0x400 
                0x00000000200008d8                . = ALIGN (0x8)

/DISCARD/
 libc.a(*)
 libm.a(*)
 libgcc.a(*)

.ARM.attributes
                0x0000000000000000       0x29
 *(.ARM.attributes)
 .ARM.attributes
                0x0000000000000000       0x1d /Users/khoahuynh/Library/xPacks/@gnu-mcu-eclipse/arm-none-eabi-gcc/8.2.1-1.7.1/.content/bin/../lib/gcc/arm-none-eabi/8.2.1/thumb/v7-m/nofp/crti.o
 .ARM.attributes
                0x000000000000001d       0x2d /Users/khoahuynh/Library/xPacks/@gnu-mcu-eclipse/arm-none-eabi-gcc/8.2.1-1.7.1/.content/bin/../lib/gcc/arm-none-eabi/8.2.1/thumb/v7-m/nofp/crtbegin.o
 .ARM.attributes
                0x000000000000004a       0x21 ./startup/startup_stm32f103xb.o
 .ARM.attributes
                0x000000000000006b       0x2d ./Src/DMX_data_stream.o
 .ARM.attributes
                0x0000000000000098       0x2d ./Src/it.o
 .ARM.attributes
                0x00000000000000c5       0x2d ./Src/main.o
 .ARM.attributes
                0x00000000000000f2       0x2d ./Src/msp.o
 .ARM.attributes
                0x000000000000011f       0x2d ./Src/system_stm32f1xx.o
 .ARM.attributes
                0x000000000000014c       0x2d ./Drivers/STM32F1xx_HAL_Driver/Src/stm32f1xx_hal.o
 .ARM.attributes
                0x0000000000000179       0x2d ./Drivers/STM32F1xx_HAL_Driver/Src/stm32f1xx_hal_cortex.o
 .ARM.attributes
                0x00000000000001a6       0x2d ./Drivers/STM32F1xx_HAL_Driver/Src/stm32f1xx_hal_dma.o
 .ARM.attributes
                0x00000000000001d3       0x2d ./Drivers/STM32F1xx_HAL_Driver/Src/stm32f1xx_hal_gpio.o
 .ARM.attributes
                0x0000000000000200       0x2d ./Drivers/STM32F1xx_HAL_Driver/Src/stm32f1xx_hal_rcc.o
 .ARM.attributes
                0x000000000000022d       0x2d ./Drivers/STM32F1xx_HAL_Driver/Src/stm32f1xx_hal_tim.o
 .ARM.attributes
                0x000000000000025a       0x2d ./Drivers/STM32F1xx_HAL_Driver/Src/stm32f1xx_hal_tim_ex.o
 .ARM.attributes
                0x0000000000000287       0x2d ./Drivers/STM32F1xx_HAL_Driver/Src/stm32f1xx_hal_uart.o
 .ARM.attributes
                0x00000000000002b4       0x2d /Users/khoahuynh/Library/xPacks/@gnu-mcu-eclipse/arm-none-eabi-gcc/8.2.1-1.7.1/.content/bin/../lib/gcc/arm-none-eabi/8.2.1/../../../../arm-none-eabi/lib/thumb/v7-m/nofp/libg_nano.a(lib_a-init.o)
 .ARM.attributes
                0x00000000000002e1       0x2d /Users/khoahuynh/Library/xPacks/@gnu-mcu-eclipse/arm-none-eabi-gcc/8.2.1-1.7.1/.content/bin/../lib/gcc/arm-none-eabi/8.2.1/../../../../arm-none-eabi/lib/thumb/v7-m/nofp/libg_nano.a(lib_a-memset.o)
 .ARM.attributes
                0x000000000000030e       0x2d /Users/khoahuynh/Library/xPacks/@gnu-mcu-eclipse/arm-none-eabi-gcc/8.2.1-1.7.1/.content/bin/../lib/gcc/arm-none-eabi/8.2.1/thumb/v7-m/nofp/crtend.o
 .ARM.attributes
                0x000000000000033b       0x1d /Users/khoahuynh/Library/xPacks/@gnu-mcu-eclipse/arm-none-eabi-gcc/8.2.1-1.7.1/.content/bin/../lib/gcc/arm-none-eabi/8.2.1/thumb/v7-m/nofp/crtn.o
OUTPUT(DMX_Pill_Encoder.elf elf32-littlearm)

.debug_line     0x0000000000000000     0x928d
 .debug_line    0x0000000000000000       0x7d ./startup/startup_stm32f103xb.o
 .debug_line    0x000000000000007d      0x558 ./Src/DMX_data_stream.o
 .debug_line    0x00000000000005d5      0x4e2 ./Src/it.o
 .debug_line    0x0000000000000ab7      0x5fb ./Src/main.o
 .debug_line    0x00000000000010b2      0x4fb ./Src/msp.o
 .debug_line    0x00000000000015ad      0x2df ./Src/system_stm32f1xx.o
 .debug_line    0x000000000000188c      0x751 ./Drivers/STM32F1xx_HAL_Driver/Src/stm32f1xx_hal.o
 .debug_line    0x0000000000001fdd      0x933 ./Drivers/STM32F1xx_HAL_Driver/Src/stm32f1xx_hal_cortex.o
 .debug_line    0x0000000000002910      0xbaf ./Drivers/STM32F1xx_HAL_Driver/Src/stm32f1xx_hal_dma.o
 .debug_line    0x00000000000034bf      0x812 ./Drivers/STM32F1xx_HAL_Driver/Src/stm32f1xx_hal_gpio.o
 .debug_line    0x0000000000003cd1      0xb65 ./Drivers/STM32F1xx_HAL_Driver/Src/stm32f1xx_hal_rcc.o
 .debug_line    0x0000000000004836     0x25f8 ./Drivers/STM32F1xx_HAL_Driver/Src/stm32f1xx_hal_tim.o
 .debug_line    0x0000000000006e2e      0xf24 ./Drivers/STM32F1xx_HAL_Driver/Src/stm32f1xx_hal_tim_ex.o
 .debug_line    0x0000000000007d52     0x153b ./Drivers/STM32F1xx_HAL_Driver/Src/stm32f1xx_hal_uart.o

.debug_info     0x0000000000000000     0xa8b6
 .debug_info    0x0000000000000000       0x22 ./startup/startup_stm32f103xb.o
 .debug_info    0x0000000000000022      0xa9b ./Src/DMX_data_stream.o
 .debug_info    0x0000000000000abd      0x9a4 ./Src/it.o
 .debug_info    0x0000000000001461      0xcfc ./Src/main.o
 .debug_info    0x000000000000215d      0xec3 ./Src/msp.o
 .debug_info    0x0000000000003020      0x3f7 ./Src/system_stm32f1xx.o
 .debug_info    0x0000000000003417      0x72e ./Drivers/STM32F1xx_HAL_Driver/Src/stm32f1xx_hal.o
 .debug_info    0x0000000000003b45      0xbac ./Drivers/STM32F1xx_HAL_Driver/Src/stm32f1xx_hal_cortex.o
 .debug_info    0x00000000000046f1      0x7ee ./Drivers/STM32F1xx_HAL_Driver/Src/stm32f1xx_hal_dma.o
 .debug_info    0x0000000000004edf      0x6b5 ./Drivers/STM32F1xx_HAL_Driver/Src/stm32f1xx_hal_gpio.o
 .debug_info    0x0000000000005594      0x852 ./Drivers/STM32F1xx_HAL_Driver/Src/stm32f1xx_hal_rcc.o
 .debug_info    0x0000000000005de6     0x2644 ./Drivers/STM32F1xx_HAL_Driver/Src/stm32f1xx_hal_tim.o
 .debug_info    0x000000000000842a     0x11d6 ./Drivers/STM32F1xx_HAL_Driver/Src/stm32f1xx_hal_tim_ex.o
 .debug_info    0x0000000000009600     0x12b6 ./Drivers/STM32F1xx_HAL_Driver/Src/stm32f1xx_hal_uart.o

.debug_abbrev   0x0000000000000000     0x1b91
 .debug_abbrev  0x0000000000000000       0x12 ./startup/startup_stm32f103xb.o
 .debug_abbrev  0x0000000000000012      0x1d8 ./Src/DMX_data_stream.o
 .debug_abbrev  0x00000000000001ea      0x187 ./Src/it.o
 .debug_abbrev  0x0000000000000371      0x22f ./Src/main.o
 .debug_abbrev  0x00000000000005a0      0x1f3 ./Src/msp.o
 .debug_abbrev  0x0000000000000793      0x14e ./Src/system_stm32f1xx.o
 .debug_abbrev  0x00000000000008e1      0x200 ./Drivers/STM32F1xx_HAL_Driver/Src/stm32f1xx_hal.o
 .debug_abbrev  0x0000000000000ae1      0x313 ./Drivers/STM32F1xx_HAL_Driver/Src/stm32f1xx_hal_cortex.o
 .debug_abbrev  0x0000000000000df4      0x228 ./Drivers/STM32F1xx_HAL_Driver/Src/stm32f1xx_hal_dma.o
 .debug_abbrev  0x000000000000101c      0x1e8 ./Drivers/STM32F1xx_HAL_Driver/Src/stm32f1xx_hal_gpio.o
 .debug_abbrev  0x0000000000001204      0x273 ./Drivers/STM32F1xx_HAL_Driver/Src/stm32f1xx_hal_rcc.o
 .debug_abbrev  0x0000000000001477      0x25e ./Drivers/STM32F1xx_HAL_Driver/Src/stm32f1xx_hal_tim.o
 .debug_abbrev  0x00000000000016d5      0x24c ./Drivers/STM32F1xx_HAL_Driver/Src/stm32f1xx_hal_tim_ex.o
 .debug_abbrev  0x0000000000001921      0x270 ./Drivers/STM32F1xx_HAL_Driver/Src/stm32f1xx_hal_uart.o

.debug_aranges  0x0000000000000000      0xb50
 .debug_aranges
                0x0000000000000000       0x28 ./startup/startup_stm32f103xb.o
 .debug_aranges
                0x0000000000000028       0x30 ./Src/DMX_data_stream.o
 .debug_aranges
                0x0000000000000058       0x30 ./Src/it.o
 .debug_aranges
                0x0000000000000088       0x60 ./Src/main.o
 .debug_aranges
                0x00000000000000e8       0x30 ./Src/msp.o
 .debug_aranges
                0x0000000000000118       0x28 ./Src/system_stm32f1xx.o
 .debug_aranges
                0x0000000000000140       0xe0 ./Drivers/STM32F1xx_HAL_Driver/Src/stm32f1xx_hal.o
 .debug_aranges
                0x0000000000000220      0x100 ./Drivers/STM32F1xx_HAL_Driver/Src/stm32f1xx_hal_cortex.o
 .debug_aranges
                0x0000000000000320       0x80 ./Drivers/STM32F1xx_HAL_Driver/Src/stm32f1xx_hal_dma.o
 .debug_aranges
                0x00000000000003a0       0x58 ./Drivers/STM32F1xx_HAL_Driver/Src/stm32f1xx_hal_gpio.o
 .debug_aranges
                0x00000000000003f8       0x90 ./Drivers/STM32F1xx_HAL_Driver/Src/stm32f1xx_hal_rcc.o
 .debug_aranges
                0x0000000000000488      0x3a8 ./Drivers/STM32F1xx_HAL_Driver/Src/stm32f1xx_hal_tim.o
 .debug_aranges
                0x0000000000000830      0x150 ./Drivers/STM32F1xx_HAL_Driver/Src/stm32f1xx_hal_tim_ex.o
 .debug_aranges
                0x0000000000000980      0x1d0 ./Drivers/STM32F1xx_HAL_Driver/Src/stm32f1xx_hal_uart.o

.debug_str      0x0000000000000000    0x6d5a0
 .debug_str     0x0000000000000000       0x78 ./startup/startup_stm32f103xb.o
 .debug_str     0x0000000000000078    0x6a880 ./Src/DMX_data_stream.o
                                      0x6abb0 (size before relaxing)
 .debug_str     0x000000000006a8f8       0x49 ./Src/it.o
                                      0x6ab54 (size before relaxing)
 .debug_str     0x000000000006a941      0x1f5 ./Src/main.o
                                      0x6ad30 (size before relaxing)
 .debug_str     0x000000000006ab36      0x325 ./Src/msp.o
                                      0x6af12 (size before relaxing)
 .debug_str     0x000000000006ae5b       0x8f ./Src/system_stm32f1xx.o
                                      0x53ef9 (size before relaxing)
 .debug_str     0x000000000006aeea      0x3c5 ./Drivers/STM32F1xx_HAL_Driver/Src/stm32f1xx_hal.o
                                      0x6ac2e (size before relaxing)
 .debug_str     0x000000000006b2af      0x2c8 ./Drivers/STM32F1xx_HAL_Driver/Src/stm32f1xx_hal_cortex.o
                                      0x6ac3c (size before relaxing)
 .debug_str     0x000000000006b577      0x23f ./Drivers/STM32F1xx_HAL_Driver/Src/stm32f1xx_hal_dma.o
                                      0x6a97e (size before relaxing)
 .debug_str     0x000000000006b7b6      0x310 ./Drivers/STM32F1xx_HAL_Driver/Src/stm32f1xx_hal_gpio.o
                                      0x6a95c (size before relaxing)
 .debug_str     0x000000000006bac6      0x287 ./Drivers/STM32F1xx_HAL_Driver/Src/stm32f1xx_hal_rcc.o
                                      0x6a995 (size before relaxing)
 .debug_str     0x000000000006bd4d      0xdc9 ./Drivers/STM32F1xx_HAL_Driver/Src/stm32f1xx_hal_tim.o
                                      0x6b760 (size before relaxing)
 .debug_str     0x000000000006cb16      0x579 ./Drivers/STM32F1xx_HAL_Driver/Src/stm32f1xx_hal_tim_ex.o
                                      0x6af60 (size before relaxing)
 .debug_str     0x000000000006d08f      0x511 ./Drivers/STM32F1xx_HAL_Driver/Src/stm32f1xx_hal_uart.o
                                      0x6ae84 (size before relaxing)

.debug_ranges   0x0000000000000000      0xa78
 .debug_ranges  0x0000000000000000       0x20 ./startup/startup_stm32f103xb.o
 .debug_ranges  0x0000000000000020       0x20 ./Src/DMX_data_stream.o
 .debug_ranges  0x0000000000000040       0x20 ./Src/it.o
 .debug_ranges  0x0000000000000060       0x50 ./Src/main.o
 .debug_ranges  0x00000000000000b0       0x20 ./Src/msp.o
 .debug_ranges  0x00000000000000d0       0x18 ./Src/system_stm32f1xx.o
 .debug_ranges  0x00000000000000e8       0xd0 ./Drivers/STM32F1xx_HAL_Driver/Src/stm32f1xx_hal.o
 .debug_ranges  0x00000000000001b8       0xf0 ./Drivers/STM32F1xx_HAL_Driver/Src/stm32f1xx_hal_cortex.o
 .debug_ranges  0x00000000000002a8       0x70 ./Drivers/STM32F1xx_HAL_Driver/Src/stm32f1xx_hal_dma.o
 .debug_ranges  0x0000000000000318       0x48 ./Drivers/STM32F1xx_HAL_Driver/Src/stm32f1xx_hal_gpio.o
 .debug_ranges  0x0000000000000360       0x80 ./Drivers/STM32F1xx_HAL_Driver/Src/stm32f1xx_hal_rcc.o
 .debug_ranges  0x00000000000003e0      0x398 ./Drivers/STM32F1xx_HAL_Driver/Src/stm32f1xx_hal_tim.o
 .debug_ranges  0x0000000000000778      0x140 ./Drivers/STM32F1xx_HAL_Driver/Src/stm32f1xx_hal_tim_ex.o
 .debug_ranges  0x00000000000008b8      0x1c0 ./Drivers/STM32F1xx_HAL_Driver/Src/stm32f1xx_hal_uart.o

.debug_macro    0x0000000000000000    0x132f7
 .debug_macro   0x0000000000000000      0x172 ./Src/DMX_data_stream.o
 .debug_macro   0x0000000000000172      0xa84 ./Src/DMX_data_stream.o
 .debug_macro   0x0000000000000bf6       0x22 ./Src/DMX_data_stream.o
 .debug_macro   0x0000000000000c18      0x34e ./Src/DMX_data_stream.o
 .debug_macro   0x0000000000000f66       0x1c ./Src/DMX_data_stream.o
 .debug_macro   0x0000000000000f82       0x22 ./Src/DMX_data_stream.o
 .debug_macro   0x0000000000000fa4       0xc3 ./Src/DMX_data_stream.o
 .debug_macro   0x0000000000001067      0xd23 ./Src/DMX_data_stream.o
 .debug_macro   0x0000000000001d8a     0xe09e ./Src/DMX_data_stream.o
 .debug_macro   0x000000000000fe28      0x21b ./Src/DMX_data_stream.o
 .debug_macro   0x0000000000010043       0x2e ./Src/DMX_data_stream.o
 .debug_macro   0x0000000000010071       0x43 ./Src/DMX_data_stream.o
 .debug_macro   0x00000000000100b4      0x174 ./Src/DMX_data_stream.o
 .debug_macro   0x0000000000010228       0x5a ./Src/DMX_data_stream.o
 .debug_macro   0x0000000000010282      0x5be ./Src/DMX_data_stream.o
 .debug_macro   0x0000000000010840      0x289 ./Src/DMX_data_stream.o
 .debug_macro   0x0000000000010ac9      0x1cb ./Src/DMX_data_stream.o
 .debug_macro   0x0000000000010c94      0x114 ./Src/DMX_data_stream.o
 .debug_macro   0x0000000000010da8      0x1b2 ./Src/DMX_data_stream.o
 .debug_macro   0x0000000000010f5a       0x27 ./Src/DMX_data_stream.o
 .debug_macro   0x0000000000010f81      0x136 ./Src/DMX_data_stream.o
 .debug_macro   0x00000000000110b7      0x1bc ./Src/DMX_data_stream.o
 .debug_macro   0x0000000000011273       0x34 ./Src/DMX_data_stream.o
 .debug_macro   0x00000000000112a7       0x3c ./Src/DMX_data_stream.o
 .debug_macro   0x00000000000112e3       0x57 ./Src/DMX_data_stream.o
 .debug_macro   0x000000000001133a       0x88 ./Src/DMX_data_stream.o
 .debug_macro   0x00000000000113c2      0x241 ./Src/DMX_data_stream.o
 .debug_macro   0x0000000000011603      0x141 ./Src/DMX_data_stream.o
 .debug_macro   0x0000000000011744      0x88b ./Src/DMX_data_stream.o
 .debug_macro   0x0000000000011fcf      0x26b ./Src/DMX_data_stream.o
 .debug_macro   0x000000000001223a       0x83 ./Src/DMX_data_stream.o
 .debug_macro   0x00000000000122bd      0x178 ./Src/it.o
 .debug_macro   0x0000000000012435      0x172 ./Src/main.o
 .debug_macro   0x00000000000125a7      0x16e ./Src/msp.o
 .debug_macro   0x0000000000012715       0x8f ./Src/system_stm32f1xx.o
 .debug_macro   0x00000000000127a4      0x17a ./Drivers/STM32F1xx_HAL_Driver/Src/stm32f1xx_hal.o
 .debug_macro   0x000000000001291e      0x156 ./Drivers/STM32F1xx_HAL_Driver/Src/stm32f1xx_hal_cortex.o
 .debug_macro   0x0000000000012a74      0x156 ./Drivers/STM32F1xx_HAL_Driver/Src/stm32f1xx_hal_dma.o
 .debug_macro   0x0000000000012bca      0x1c1 ./Drivers/STM32F1xx_HAL_Driver/Src/stm32f1xx_hal_gpio.o
 .debug_macro   0x0000000000012d8b      0x168 ./Drivers/STM32F1xx_HAL_Driver/Src/stm32f1xx_hal_rcc.o
 .debug_macro   0x0000000000012ef3      0x157 ./Drivers/STM32F1xx_HAL_Driver/Src/stm32f1xx_hal_tim.o
 .debug_macro   0x000000000001304a      0x156 ./Drivers/STM32F1xx_HAL_Driver/Src/stm32f1xx_hal_tim_ex.o
 .debug_macro   0x00000000000131a0      0x157 ./Drivers/STM32F1xx_HAL_Driver/Src/stm32f1xx_hal_uart.o

.comment        0x0000000000000000       0x68
 .comment       0x0000000000000000       0x68 ./Src/DMX_data_stream.o
                                         0x69 (size before relaxing)
 .comment       0x0000000000000068       0x69 ./Src/it.o
 .comment       0x0000000000000068       0x69 ./Src/main.o
 .comment       0x0000000000000068       0x69 ./Src/msp.o
 .comment       0x0000000000000068       0x69 ./Src/system_stm32f1xx.o
 .comment       0x0000000000000068       0x69 ./Drivers/STM32F1xx_HAL_Driver/Src/stm32f1xx_hal.o
 .comment       0x0000000000000068       0x69 ./Drivers/STM32F1xx_HAL_Driver/Src/stm32f1xx_hal_cortex.o
 .comment       0x0000000000000068       0x69 ./Drivers/STM32F1xx_HAL_Driver/Src/stm32f1xx_hal_dma.o
 .comment       0x0000000000000068       0x69 ./Drivers/STM32F1xx_HAL_Driver/Src/stm32f1xx_hal_gpio.o
 .comment       0x0000000000000068       0x69 ./Drivers/STM32F1xx_HAL_Driver/Src/stm32f1xx_hal_rcc.o
 .comment       0x0000000000000068       0x69 ./Drivers/STM32F1xx_HAL_Driver/Src/stm32f1xx_hal_tim.o
 .comment       0x0000000000000068       0x69 ./Drivers/STM32F1xx_HAL_Driver/Src/stm32f1xx_hal_tim_ex.o
 .comment       0x0000000000000068       0x69 ./Drivers/STM32F1xx_HAL_Driver/Src/stm32f1xx_hal_uart.o

.debug_frame    0x0000000000000000     0x2ed4
 .debug_frame   0x0000000000000000       0x80 ./Src/DMX_data_stream.o
 .debug_frame   0x0000000000000080       0x64 ./Src/it.o
 .debug_frame   0x00000000000000e4      0x128 ./Src/main.o
 .debug_frame   0x000000000000020c       0x7c ./Src/msp.o
 .debug_frame   0x0000000000000288       0x58 ./Src/system_stm32f1xx.o
 .debug_frame   0x00000000000002e0      0x334 ./Drivers/STM32F1xx_HAL_Driver/Src/stm32f1xx_hal.o
 .debug_frame   0x0000000000000614      0x428 ./Drivers/STM32F1xx_HAL_Driver/Src/stm32f1xx_hal_cortex.o
 .debug_frame   0x0000000000000a3c      0x208 ./Drivers/STM32F1xx_HAL_Driver/Src/stm32f1xx_hal_dma.o
 .debug_frame   0x0000000000000c44      0x14c ./Drivers/STM32F1xx_HAL_Driver/Src/stm32f1xx_hal_gpio.o
 .debug_frame   0x0000000000000d90      0x21c ./Drivers/STM32F1xx_HAL_Driver/Src/stm32f1xx_hal_rcc.o
 .debug_frame   0x0000000000000fac     0x10e8 ./Drivers/STM32F1xx_HAL_Driver/Src/stm32f1xx_hal_tim.o
 .debug_frame   0x0000000000002094      0x5c0 ./Drivers/STM32F1xx_HAL_Driver/Src/stm32f1xx_hal_tim_ex.o
 .debug_frame   0x0000000000002654      0x834 ./Drivers/STM32F1xx_HAL_Driver/Src/stm32f1xx_hal_uart.o
 .debug_frame   0x0000000000002e88       0x2c /Users/khoahuynh/Library/xPacks/@gnu-mcu-eclipse/arm-none-eabi-gcc/8.2.1-1.7.1/.content/bin/../lib/gcc/arm-none-eabi/8.2.1/../../../../arm-none-eabi/lib/thumb/v7-m/nofp/libg_nano.a(lib_a-init.o)
 .debug_frame   0x0000000000002eb4       0x20 /Users/khoahuynh/Library/xPacks/@gnu-mcu-eclipse/arm-none-eabi-gcc/8.2.1-1.7.1/.content/bin/../lib/gcc/arm-none-eabi/8.2.1/../../../../arm-none-eabi/lib/thumb/v7-m/nofp/libg_nano.a(lib_a-memset.o)
